Component: ARM Compiler 5.05 update 1 (build 106) Tool: armlink [4d0efa]

==============================================================================

Section Cross References

    main.o(.text) refers to os_task.o(.text) for OSTaskCreate
    main.o(.text) refers to os_time.o(.text) for OSTimeDlyHMSM
    main.o(.text) refers to bsp_global.o(.text) for BSP_Init
    main.o(.text) refers to os_core.o(.text) for OSInit
    main.o(.text) refers to system_stm32f4xx.o(.data) for SystemCoreClock
    main.o(.text) refers to task_test.o(.bss) for Stk_Task_RS232
    main.o(.text) refers to task_test.o(.text) for Task_RS232
    main.o(.text) refers to main.o(.bss) for Stk_TaskStartUp
    task_test.o(.text) refers to os_time.o(.text) for OSTimeDlyHMSM
    task_test.o(.text) refers to stm32f4xx_gpio.o(.text) for GPIO_ToggleBits
    task_test.o(.text) refers to sci.o(.text) for qj005_send_data
    task_test.o(.text) refers to os_mbox.o(.text) for OSMboxCreate
    task_test.o(.text) refers to rand.o(.text) for rand
    task_test.o(.text) refers to printf1.o(i.__0sprintf$1) for __2sprintf
    task_test.o(.text) refers to strcat.o(.text) for strcat
    task_test.o(.text) refers to task_test.o(.data) for play_level_type
    task_test.o(.text) refers to sci.o(.data) for qj005_play_state
    task_test.o(.text) refers to memseta.o(.text) for __aeabi_memclr4
    task_test.o(.text) refers to yidaosensor.o(.text) for GetSensorV
    led.o(.text) refers to stm32f4xx_rcc.o(.text) for RCC_AHB1PeriphClockCmd
    led.o(.text) refers to stm32f4xx_gpio.o(.text) for GPIO_Init
    bsp_global.o(.text) refers to led.o(.text) for LED_Configuration
    bsp_global.o(.text) refers to yidaosensor.o(.text) for Sensor_Init
    bsp_global.o(.text) refers to nvic.o(.text) for NVIC_Configuration
    bsp_global.o(.text) refers to sci.o(.text) for USART_232_Configuration
    bsp_global.o(.text) refers to adc.o(.text) for Adc_Init
    dma.o(.text) refers to stm32f4xx_rcc.o(.text) for RCC_AHB1PeriphClockCmd
    dma.o(.text) refers to stm32f4xx_dma.o(.text) for DMA_DeInit
    dma.o(.text) refers to stm32f4xx_gpio.o(.text) for GPIO_ResetBits
    dma.o(.text) refers to sci.o(.bss) for RS232_buff
    dma.o(.text) refers to dma.o(.bss) for RS232_send_data
    dma.o(.text) refers to dma.o(.data) for RS232_dma_send_flag
    nvic.o(.text) refers to misc.o(.text) for NVIC_SetVectorTable
    sci.o(.text) refers to stm32f4xx_rcc.o(.text) for RCC_AHB1PeriphClockCmd
    sci.o(.text) refers to stm32f4xx_usart.o(.text) for USART_DeInit
    sci.o(.text) refers to stm32f4xx_gpio.o(.text) for GPIO_Init
    sci.o(.text) refers to os_cpu_a.o(.text) for OS_CPU_SR_Save
    sci.o(.text) refers to os_core.o(.text) for OSIntExit
    sci.o(.text) refers to stm32f4xx_dma.o(.text) for DMA_SetCurrDataCounter
    sci.o(.text) refers to misc.o(.text) for NVIC_Init
    sci.o(.text) refers to os_core.o(.data) for OSIntNesting
    sci.o(.text) refers to dma.o(.data) for RS232_dma_send_flag
    sci.o(.text) refers to sci.o(.data) for is_data_start
    sci.o(.text) refers to strlen.o(.text) for strlen
    sci.o(.text) refers to strcat.o(.text) for strcat
    yidaosensor.o(.text) refers to stm32f4xx_rcc.o(.text) for RCC_AHB1PeriphClockCmd
    yidaosensor.o(.text) refers to stm32f4xx_gpio.o(.text) for GPIO_Init
    yidaosensor.o(.text) refers to adc.o(.text) for Get_Adc
    yidaosensor.o(.text) refers to os_time.o(.text) for OSTimeDlyHMSM
    adc.o(.text) refers to stm32f4xx_rcc.o(.text) for RCC_AHB1PeriphClockCmd
    adc.o(.text) refers to stm32f4xx_gpio.o(.text) for GPIO_Init
    adc.o(.text) refers to stm32f4xx_adc.o(.text) for ADC_CommonInit
    stm32f4xx_adc.o(.text) refers to stm32f4xx_rcc.o(.text) for RCC_APB2PeriphResetCmd
    stm32f4xx_can.o(.text) refers to stm32f4xx_rcc.o(.text) for RCC_APB1PeriphResetCmd
    stm32f4xx_cryp.o(.text) refers to stm32f4xx_rcc.o(.text) for RCC_AHB2PeriphResetCmd
    stm32f4xx_cryp_aes.o(.text) refers to stm32f4xx_cryp.o(.text) for CRYP_KeyStructInit
    stm32f4xx_cryp_des.o(.text) refers to stm32f4xx_cryp.o(.text) for CRYP_KeyStructInit
    stm32f4xx_cryp_tdes.o(.text) refers to stm32f4xx_cryp.o(.text) for CRYP_KeyStructInit
    stm32f4xx_dac.o(.text) refers to stm32f4xx_rcc.o(.text) for RCC_APB1PeriphResetCmd
    stm32f4xx_gpio.o(.text) refers to stm32f4xx_rcc.o(.text) for RCC_AHB1PeriphResetCmd
    stm32f4xx_hash.o(.text) refers to stm32f4xx_rcc.o(.text) for RCC_AHB2PeriphResetCmd
    stm32f4xx_hash_md5.o(.text) refers to stm32f4xx_hash.o(.text) for HASH_DeInit
    stm32f4xx_hash_sha1.o(.text) refers to stm32f4xx_hash.o(.text) for HASH_DeInit
    stm32f4xx_i2c.o(.text) refers to stm32f4xx_rcc.o(.text) for RCC_APB1PeriphResetCmd
    stm32f4xx_pwr.o(.text) refers to stm32f4xx_rcc.o(.text) for RCC_APB1PeriphResetCmd
    stm32f4xx_rcc.o(.text) refers to stm32f4xx_rcc.o(.data) for APBAHBPrescTable
[...]
    printfa.o(i.__0vprintf) refers (Special) to iusefp.o(.text) for __I$use$fp
    printfa.o(i.__0vprintf) refers to printfa.o(i._printf_core) for _printf_core
    printfa.o(i.__0vprintf) refers to fputc.o(i.fputc) for fputc
    printfa.o(i.__0vprintf) refers to stdout.o(.data) for __stdout
    printfa.o(i.__0vsnprintf) refers (Special) to iusefp.o(.text) for __I$use$fp
    printfa.o(i.__0vsnprintf) refers to printfa.o(i._printf_core) for _printf_core
    printfa.o(i.__0vsnprintf) refers to printfa.o(i._snputc) for _snputc
    printfa.o(i.__0vsprintf) refers (Special) to iusefp.o(.text) for __I$use$fp
    printfa.o(i.__0vsprintf) refers to printfa.o(i._printf_core) for _printf_core
    printfa.o(i.__0vsprintf) refers to printfa.o(i._sputc) for _sputc
    printfa.o(i._fp_digits) refers (Special) to iusefp.o(.text) for __I$use$fp
    printfa.o(i._fp_digits) refers to dmul.o(.text) for __aeabi_dmul
    printfa.o(i._fp_digits) refers to ddiv.o(.text) for __aeabi_ddiv
    printfa.o(i._fp_digits) refers to cdrcmple.o(.text) for __aeabi_cdrcmple
    printfa.o(i._fp_digits) refers to dadd.o(.text) for __aeabi_dadd
    printfa.o(i._fp_digits) refers to dfixul.o(.text) for __aeabi_d2ulz
    printfa.o(i._fp_digits) refers to uldiv.o(.text) for __aeabi_uldivmod
    printfa.o(i._printf_core) refers (Special) to iusefp.o(.text) for __I$use$fp
    printfa.o(i._printf_core) refers to printfa.o(i._printf_pre_padding) for _printf_pre_padding
    printfa.o(i._printf_core) refers to uldiv.o(.text) for __aeabi_uldivmod
    printfa.o(i._printf_core) refers to printfa.o(i._printf_post_padding) for _printf_post_padding
    printfa.o(i._printf_core) refers to printfa.o(i._fp_digits) for _fp_digits
    printfa.o(i._printf_core) refers to uidiv.o(.text) for __aeabi_uidivmod
    printfa.o(i._printf_post_padding) refers (Special) to iusefp.o(.text) for __I$use$fp
    printfa.o(i._printf_pre_padding) refers (Special) to iusefp.o(.text) for __I$use$fp
    printfa.o(i._snputc) refers (Special) to iusefp.o(.text) for __I$use$fp
    printfa.o(i._sputc) refers (Special) to iusefp.o(.text) for __I$use$fp
    entry2.o(.ARM.Collect$$$$00000001) refers to entry2.o(.ARM.Collect$$$$00002712) for __lit__00000000
    entry2.o(.ARM.Collect$$$$00002712) refers to startup_stm32f4xx.o(STACK) for __initial_sp
    entry2.o(__vectab_stack_and_reset_area) refers to startup_stm32f4xx.o(STACK) for __initial_sp
    entry2.o(__vectab_stack_and_reset_area) refers to entry.o(.ARM.Collect$$$$00000000) for __main
    entry5.o(.ARM.Collect$$$$00000004) refers to init.o(.text) for __scatterload
    entry9a.o(.ARM.Collect$$$$0000000B) refers to main.o(.text) for main
    entry9b.o(.ARM.Collect$$$$0000000C) refers to main.o(.text) for main
    fputc.o(i.fputc) refers (Special) to iusesemip.o(.text) for __I$use$semihosting$fputc
    fputc.o(i.fputc) refers (Special) to semi.o(.text) for __semihosting_library_function
    uldiv.o(.text) refers to llushr.o(.text) for __aeabi_llsr
    uldiv.o(.text) refers to llshl.o(.text) for __aeabi_llsl
    dadd.o(.text) refers to llshl.o(.text) for __aeabi_llsl
    dadd.o(.text) refers to llsshr.o(.text) for __aeabi_lasr
    dadd.o(.text) refers to depilogue.o(.text) for _double_epilogue
    dmul.o(.text) refers to depilogue.o(.text) for _double_epilogue
    ddiv.o(.text) refers to depilogue.o(.text) for _double_round
    dfixul.o(.text) refers to llushr.o(.text) for __aeabi_llsr
    dfixul.o(.text) refers to llshl.o(.text) for __aeabi_llsl
    init.o(.text) refers to entry5.o(.ARM.Collect$$$$00000004) for __main_after_scatterload
    depilogue.o(.text) refers to llshl.o(.text) for __aeabi_llsl
    depilogue.o(.text) refers to llushr.o(.text) for __aeabi_llsr


==============================================================================

Removing Unused input sections from the image.

    Removing main.o(.emb_text), (8 bytes).
    Removing task_test.o(.emb_text), (8 bytes).
    Removing led.o(.emb_text), (8 bytes).
    Removing bsp_global.o(.emb_text), (8 bytes).
    Removing dma.o(.emb_text), (8 bytes).
    Removing nvic.o(.emb_text), (8 bytes).
    Removing sci.o(.emb_text), (8 bytes).
    Removing yidaosensor.o(.emb_text), (8 bytes).
    Removing yidaosensor.o(.data), (10 bytes).
    Removing adc.o(.emb_text), (8 bytes).
    Removing m_delay_p.o(.text), (84 bytes).
    Removing misc.o(.emb_text), (8 bytes).
    Removing stm32f4xx_adc.o(.emb_text), (8 bytes).
    Removing stm32f4xx_can.o(.emb_text), (8 bytes).
    Removing stm32f4xx_can.o(.text), (2544 bytes).
    Removing stm32f4xx_crc.o(.emb_text), (8 bytes).
    Removing stm32f4xx_crc.o(.text), (72 bytes).
    Removing stm32f4xx_cryp.o(.emb_text), (8 bytes).
    Removing stm32f4xx_cryp.o(.text), (660 bytes).
    Removing stm32f4xx_cryp_aes.o(.emb_text), (8 bytes).
    Removing stm32f4xx_cryp_aes.o(.text), (1524 bytes).
    Removing stm32f4xx_cryp_des.o(.emb_text), (8 bytes).
    Removing stm32f4xx_cryp_des.o(.text), (468 bytes).
    Removing stm32f4xx_cryp_tdes.o(.emb_text), (8 bytes).
    Removing stm32f4xx_cryp_tdes.o(.text), (532 bytes).
    Removing stm32f4xx_dac.o(.emb_text), (8 bytes).
    Removing stm32f4xx_dac.o(.text), (528 bytes).
    Removing stm32f4xx_dbgmcu.o(.emb_text), (8 bytes).
    Removing stm32f4xx_dbgmcu.o(.text), (100 bytes).
    Removing stm32f4xx_dcmi.o(.emb_text), (8 bytes).
    Removing stm32f4xx_dcmi.o(.text), (400 bytes).
    Removing stm32f4xx_dma.o(.emb_text), (8 bytes).
    Removing stm32f4xx_exti.o(.emb_text), (8 bytes).
    Removing stm32f4xx_exti.o(.text), (284 bytes).
    Removing stm32f4xx_flash.o(.emb_text), (8 bytes).
    Removing stm32f4xx_flash.o(.text), (1212 bytes).
    Removing stm32f4xx_fsmc.o(.emb_text), (8 bytes).
    Removing stm32f4xx_fsmc.o(.text), (1544 bytes).
    Removing stm32f4xx_gpio.o(.emb_text), (8 bytes).
    Removing stm32f4xx_hash.o(.emb_text), (8 bytes).
    Removing stm32f4xx_hash.o(.text), (496 bytes).
    Removing stm32f4xx_hash_md5.o(.emb_text), (8 bytes).
    Removing stm32f4xx_hash_md5.o(.text), (534 bytes).
    Removing stm32f4xx_hash_sha1.o(.emb_text), (8 bytes).
    Removing stm32f4xx_hash_sha1.o(.text), (548 bytes).
    Removing stm32f4xx_i2c.o(.emb_text), (8 bytes).
    Removing stm32f4xx_i2c.o(.text), (1064 bytes).
    Removing stm32f4xx_iwdg.o(.emb_text), (8 bytes).
    Removing stm32f4xx_iwdg.o(.text), (64 bytes).
    Removing stm32f4xx_pwr.o(.emb_text), (8 bytes).
    Removing stm32f4xx_pwr.o(.text), (248 bytes).
    Removing stm32f4xx_rcc.o(.emb_text), (8 bytes).
    Removing stm32f4xx_rng.o(.emb_text), (8 bytes).
    Removing stm32f4xx_rng.o(.text), (160 bytes).
    Removing stm32f4xx_rtc.o(.emb_text), (8 bytes).
    Removing stm32f4xx_rtc.o(.text), (3376 bytes).
    Removing stm32f4xx_sdio.o(.emb_text), (8 bytes).
    Removing stm32f4xx_sdio.o(.text), (476 bytes).
    Removing stm32f4xx_spi.o(.emb_text), (8 bytes).
    Removing stm32f4xx_spi.o(.text), (1016 bytes).
    Removing stm32f4xx_syscfg.o(.emb_text), (8 bytes).
    Removing stm32f4xx_syscfg.o(.text), (140 bytes).
    Removing stm32f4xx_tim.o(.emb_text), (8 bytes).
    Removing stm32f4xx_tim.o(.text), (3234 bytes).
    Removing stm32f4xx_usart.o(.emb_text), (8 bytes).
    Removing stm32f4xx_wwdg.o(.emb_text), (8 bytes).
    Removing stm32f4xx_wwdg.o(.text), (144 bytes).
    Removing startup_stm32f4xx.o(HEAP), (512 bytes).
    Removing system_stm32f4xx.o(.emb_text), (8 bytes).
    Removing os_cpu_c.o(.emb_text), (8 bytes).
    Removing os_dbg.o(.emb_text), (8 bytes).
    Removing os_dbg.o(.constdata), (2 bytes).
    Removing os_core.o(.emb_text), (8 bytes).
    Removing os_flag.o(.emb_text), (8 bytes).
    Removing os_mbox.o(.emb_text), (8 bytes).
    Removing os_mem.o(.emb_text), (8 bytes).
    Removing os_mutex.o(.emb_text), (8 bytes).
    Removing os_mutex.o(.text), (1548 bytes).
    Removing os_q.o(.emb_text), (8 bytes).
    Removing os_sem.o(.emb_text), (8 bytes).
    Removing os_sem.o(.text), (936 bytes).
    Removing os_task.o(.emb_text), (8 bytes).
    Removing os_time.o(.emb_text), (8 bytes).
    Removing os_tmr.o(.emb_text), (8 bytes).
    Removing dadd.o(.text), (334 bytes).
    Removing dmul.o(.text), (228 bytes).
    Removing ddiv.o(.text), (222 bytes).
    Removing dfixul.o(.text), (48 bytes).
    Removing cdrcmple.o(.text), (48 bytes).
    Removing depilogue.o(.text), (186 bytes).

90 unused section(s) (total 25950 bytes) removed from the image.

==============================================================================

Image Symbol Table

    Local Symbols

    Symbol Name                              Value     Ov Type        Size  Object(Section)

    ../clib/microlib/division.c              0x00000000   Number         0  uldiv.o ABSOLUTE
    ../clib/microlib/division.c              0x00000000   Number         0  uidiv.o ABSOLUTE
    ../clib/microlib/init/entry.s            0x00000000   Number         0  entry7a.o ABSOLUTE
    ../clib/microlib/init/entry.s            0x00000000   Number         0  entry10a.o ABSOLUTE
    ../clib/microlib/init/entry.s            0x00000000   Number         0  entry11a.o ABSOLUTE
    ../clib/microlib/init/entry.s            0x00000000   Number         0  entry2.o ABSOLUTE
    ../clib/microlib/init/entry.s            0x00000000   Number         0  entry8b.o ABSOLUTE
    ../clib/microlib/init/entry.s            0x00000000   Number         0  entry8a.o ABSOLUTE
    ../clib/microlib/init/entry.s            0x00000000   Number         0  entry9b.o ABSOLUTE
    ../clib/microlib/init/entry.s            0x00000000   Number         0  entry10b.o ABSOLUTE
    ../clib/microlib/init/entry.s            0x00000000   Number         0  entry7b.o ABSOLUTE
    ../clib/microlib/init/entry.s            0x00000000   Number         0  entry11b.o ABSOLUTE
    ../clib/microlib/init/entry.s            0x00000000   Number         0  entry9a.o ABSOLUTE
    ../clib/microlib/init/entry.s            0x00000000   Number         0  entry.o ABSOLUTE
    ../clib/microlib/init/entry.s            0x00000000   Number         0  entry5.o ABSOLUTE
    ../clib/microlib/longlong.c              0x00000000   Number         0  llshl.o ABSOLUTE
    ../clib/microlib/longlong.c              0x00000000   Number         0  llushr.o ABSOLUTE
    ../clib/microlib/longlong.c              0x00000000   Number         0  llsshr.o ABSOLUTE
    ../clib/microlib/printf/printf.c         0x00000000   Number         0  printf4.o ABSOLUTE
    ../clib/microlib/printf/printf.c         0x00000000   Number         0  printf3.o ABSOLUTE
    ../clib/microlib/printf/printf.c         0x00000000   Number         0  printf2.o ABSOLUTE
    ../clib/microlib/printf/printf.c         0x00000000   Number         0  printf1.o ABSOLUTE
    ../clib/microlib/printf/printf.c         0x00000000   Number         0  printf0.o ABSOLUTE
    ../clib/microlib/printf/printf.c         0x00000000   Number         0  printfb.o ABSOLUTE
    ../clib/microlib/printf/printf.c         0x00000000   Number         0  printf5.o ABSOLUTE
    ../clib/microlib/printf/printf.c         0x00000000   Number         0  printf6.o ABSOLUTE
    ../clib/microlib/printf/printf.c         0x00000000   Number         0  printf7.o ABSOLUTE
    ../clib/microlib/printf/printf.c         0x00000000   Number         0  printf8.o ABSOLUTE
    ../clib/microlib/printf/printf.c         0x00000000   Number         0  printfa.o ABSOLUTE
    ../clib/microlib/printf/stubs.s          0x00000000   Number         0  stubs.o ABSOLUTE
    ../clib/microlib/stdio/fputc.c           0x00000000   Number         0  fputc.o ABSOLUTE
    ../clib/microlib/stdio/semi.s            0x00000000   Number         0  semi.o ABSOLUTE
    ../clib/microlib/stdio/streams.c         0x00000000   Number         0  stdout.o ABSOLUTE
    ../clib/microlib/stdlib/rand.c           0x00000000   Number         0  rand.o ABSOLUTE
    ../clib/microlib/string/memset.c         0x00000000   Number         0  memseta.o ABSOLUTE
    ../clib/microlib/string/strcat.c         0x00000000   Number         0  strcat.o ABSOLUTE
    ../clib/microlib/string/strlen.c         0x00000000   Number         0  strlen.o ABSOLUTE
    ../clib/microlib/stubs.s                 0x00000000   Number         0  iusesemip.o ABSOLUTE
    ../clib/microlib/stubs.s                 0x00000000   Number         0  iusefp.o ABSOLUTE
    ../fplib/microlib/fpadd.c                0x00000000   Number         0  dadd.o ABSOLUTE
    ../fplib/microlib/fpdiv.c                0x00000000   Number         0  ddiv.o ABSOLUTE
    ../fplib/microlib/fpepilogue.c           0x00000000   Number         0  depilogue.o ABSOLUTE
    ../fplib/microlib/fpfix.c                0x00000000   Number         0  dfixul.o ABSOLUTE
    ../fplib/microlib/fpmul.c                0x00000000   Number         0  dmul.o ABSOLUTE
    ..\App\Main.c                            0x00000000   Number         0  main.o ABSOLUTE
    ..\App\Task_Test.c                       0x00000000   Number         0  task_test.o ABSOLUTE
    ..\BSP\Bsp_Global.c                      0x00000000   Number         0  bsp_global.o ABSOLUTE
    ..\BSP\DMA.C                             0x00000000   Number         0  dma.o ABSOLUTE
    ..\BSP\LED.C                             0x00000000   Number         0  led.o ABSOLUTE
    ..\BSP\NVIC.C                            0x00000000   Number         0  nvic.o ABSOLUTE
    ..\BSP\SCI.c                             0x00000000   Number         0  sci.o ABSOLUTE
    ..\BSP\adc.c                             0x00000000   Number         0  adc.o ABSOLUTE
    ..\BSP\yidaosensor.c                     0x00000000   Number         0  yidaosensor.o ABSOLUTE
    ..\CMSIS\Core\startup_stm32f4xx.s        0x00000000   Number         0  startup_stm32f4xx.o ABSOLUTE
    ..\CMSIS\Core\system_stm32f4xx.c         0x00000000   Number         0  system_stm32f4xx.o ABSOLUTE
    ..\CMSIS\Driver\misc.c                   0x00000000   Number         0  misc.o ABSOLUTE
    ..\CMSIS\Driver\stm32f4xx_adc.c          0x00000000   Number         0  stm32f4xx_adc.o ABSOLUTE
    ..\CMSIS\Driver\stm32f4xx_can.c          0x00000000   Number         0  stm32f4xx_can.o ABSOLUTE
    ..\CMSIS\Driver\stm32f4xx_crc.c          0x00000000   Number         0  stm32f4xx_crc.o ABSOLUTE
    ..\CMSIS\Driver\stm32f4xx_cryp.c         0x00000000   Number         0  stm32f4xx_cryp.o ABSOLUTE
    ..\CMSIS\Driver\stm32f4xx_cryp_aes.c     0x00000000   Number         0  stm32f4xx_cryp_aes.o ABSOLUTE
    ..\CMSIS\Driver\stm32f4xx_cryp_des.c     0x00000000   Number         0  stm32f4xx_cryp_des.o ABSOLUTE
    ..\CMSIS\Driver\stm32f4xx_cryp_tdes.c    0x00000000   Number         0  stm32f4xx_cryp_tdes.o ABSOLUTE
    ..\CMSIS\Driver\stm32f4xx_dac.c          0x00000000   Number         0  stm32f4xx_dac.o ABSOLUTE
    ..\CMSIS\Driver\stm32f4xx_dbgmcu.c       0x00000000   Number         0  stm32f4xx_dbgmcu.o ABSOLUTE
    ..\CMSIS\Driver\stm32f4xx_dcmi.c         0x00000000   Number         0  stm32f4xx_dcmi.o ABSOLUTE
    ..\CMSIS\Driver\stm32f4xx_dma.c          0x00000000   Number         0  stm32f4xx_dma.o ABSOLUTE
    ..\CMSIS\Driver\stm32f4xx_exti.c         0x00000000   Number         0  stm32f4xx_exti.o ABSOLUTE
    ..\CMSIS\Driver\stm32f4xx_flash.c        0x00000000   Number         0  stm32f4xx_flash.o ABSOLUTE
    ..\CMSIS\Driver\stm32f4xx_fsmc.c         0x00000000   Number         0  stm32f4xx_fsmc.o ABSOLUTE
    ..\CMSIS\Driver\stm32f4xx_gpio.c         0x00000000   Number         0  stm32f4xx_gpio.o ABSOLUTE
    ..\CMSIS\Driver\stm32f4xx_hash.c         0x00000000   Number         0  stm32f4xx_hash.o ABSOLUTE
    ..\CMSIS\Driver\stm32f4xx_hash_md5.c     0x00000000   Number         0  stm32f4xx_hash_md5.o ABSOLUTE
    ..\CMSIS\Driver\stm32f4xx_hash_sha1.c    0x00000000   Number         0  stm32f4xx_hash_sha1.o ABSOLUTE
    ..\CMSIS\Driver\stm32f4xx_i2c.c          0x00000000   Number         0  stm32f4xx_i2c.o ABSOLUTE
    ..\CMSIS\Driver\stm32f4xx_iwdg.c         0x00000000   Number         0  stm32f4xx_iwdg.o ABSOLUTE
    ..\CMSIS\Driver\stm32f4xx_pwr.c          0x00000000   Number         0  stm32f4xx_pwr.o ABSOLUTE
    ..\CMSIS\Driver\stm32f4xx_rcc.c          0x00000000   Number         0  stm32f4xx_rcc.o ABSOLUTE
    ..\CMSIS\Driver\stm32f4xx_rng.c          0x00000000   Number         0  stm32f4xx_rng.o ABSOLUTE
    ..\CMSIS\Driver\stm32f4xx_rtc.c          0x00000000   Number         0  stm32f4xx_rtc.o ABSOLUTE
    ..\CMSIS\Driver\stm32f4xx_sdio.c         0x00000000   Number         0  stm32f4xx_sdio.o ABSOLUTE
    ..\CMSIS\Driver\stm32f4xx_spi.c          0x00000000   Number         0  stm32f4xx_spi.o ABSOLUTE
    ..\CMSIS\Driver\stm32f4xx_syscfg.c       0x00000000   Number         0  stm32f4xx_syscfg.o ABSOLUTE
    ..\CMSIS\Driver\stm32f4xx_tim.c          0x00000000   Number         0  stm32f4xx_tim.o ABSOLUTE
    ..\CMSIS\Driver\stm32f4xx_usart.c        0x00000000   Number         0  stm32f4xx_usart.o ABSOLUTE
    ..\CMSIS\Driver\stm32f4xx_wwdg.c         0x00000000   Number         0  stm32f4xx_wwdg.o ABSOLUTE
    ..\Module\M_Delay_P.c                    0x00000000   Number         0  m_delay_p.o ABSOLUTE
    ..\Module\M_Global.c                     0x00000000   Number         0  m_global.o ABSOLUTE
    ..\UCOS\Port\os_cpu_a.asm                0x00000000   Number         0  os_cpu_a.o ABSOLUTE
    ..\UCOS\Port\os_cpu_c.c                  0x00000000   Number         0  os_cpu_c.o ABSOLUTE
    ..\UCOS\Port\os_dbg.c                    0x00000000   Number         0  os_dbg.o ABSOLUTE
    ..\UCOS\Source\os_core.c                 0x00000000   Number         0  os_core.o ABSOLUTE
    ..\UCOS\Source\os_flag.c                 0x00000000   Number         0  os_flag.o ABSOLUTE
    ..\UCOS\Source\os_mbox.c                 0x00000000   Number         0  os_mbox.o ABSOLUTE
    ..\UCOS\Source\os_mem.c                  0x00000000   Number         0  os_mem.o ABSOLUTE
    ..\UCOS\Source\os_mutex.c                0x00000000   Number         0  os_mutex.o ABSOLUTE
    ..\UCOS\Source\os_q.c                    0x00000000   Number         0  os_q.o ABSOLUTE
    ..\UCOS\Source\os_sem.c                  0x00000000   Number         0  os_sem.o ABSOLUTE
    ..\UCOS\Source\os_task.c                 0x00000000   Number         0  os_task.o ABSOLUTE
    ..\UCOS\Source\os_time.c                 0x00000000   Number         0  os_time.o ABSOLUTE
    ..\UCOS\Source\os_tmr.c                  0x00000000   Number         0  os_tmr.o ABSOLUTE
    ..\\App\\Main.c                          0x00000000   Number         0  main.o ABSOLUTE
    ..\\App\\Task_Test.c                     0x00000000   Number         0  task_test.o ABSOLUTE
    ..\\BSP\\Bsp_Global.c                    0x00000000   Number         0  bsp_global.o ABSOLUTE
    ..\\BSP\\DMA.C                           0x00000000   Number         0  dma.o ABSOLUTE
    ..\\BSP\\LED.C                           0x00000000   Number         0  led.o ABSOLUTE
    ..\\BSP\\NVIC.C                          0x00000000   Number         0  nvic.o ABSOLUTE
    ..\\BSP\\SCI.c                           0x00000000   Number         0  sci.o ABSOLUTE
    ..\\BSP\\adc.c                           0x00000000   Number         0  adc.o ABSOLUTE
    ..\\BSP\\yidaosensor.c                   0x00000000   Number         0  yidaosensor.o ABSOLUTE
    ..\\CMSIS\\Core\\system_stm32f4xx.c      0x00000000   Number         0  system_stm32f4xx.o ABSOLUTE
    ..\\CMSIS\\Driver\\misc.c                0x00000000   Number         0  misc.o ABSOLUTE
    ..\\CMSIS\\Driver\\stm32f4xx_adc.c       0x00000000   Number         0  stm32f4xx_adc.o ABSOLUTE
    ..\\CMSIS\\Driver\\stm32f4xx_can.c       0x00000000   Number         0  stm32f4xx_can.o ABSOLUTE
    ..\\CMSIS\\Driver\\stm32f4xx_crc.c       0x00000000   Number         0  stm32f4xx_crc.o ABSOLUTE
    ..\\CMSIS\\Driver\\stm32f4xx_cryp.c      0x00000000   Number         0  stm32f4xx_cryp.o ABSOLUTE
    ..\\CMSIS\\Driver\\stm32f4xx_cryp_aes.c  0x00000000   Number         0  stm32f4xx_cryp_aes.o ABSOLUTE
    ..\\CMSIS\\Driver\\stm32f4xx_cryp_des.c  0x00000000   Number         0  stm32f4xx_cryp_des.o ABSOLUTE
    ..\\CMSIS\\Driver\\stm32f4xx_cryp_tdes.c 0x00000000   Number         0  stm32f4xx_cryp_tdes.o ABSOLUTE
    ..\\CMSIS\\Driver\\stm32f4xx_dac.c       0x00000000   Number         0  stm32f4xx_dac.o ABSOLUTE
    ..\\CMSIS\\Driver\\stm32f4xx_dbgmcu.c    0x00000000   Number         0  stm32f4xx_dbgmcu.o ABSOLUTE
    ..\\CMSIS\\Driver\\stm32f4xx_dcmi.c      0x00000000   Number         0  stm32f4xx_dcmi.o ABSOLUTE
    ..\\CMSIS\\Driver\\stm32f4xx_dma.c       0x00000000   Number         0  stm32f4xx_dma.o ABSOLUTE
    ..\\CMSIS\\Driver\\stm32f4xx_exti.c      0x00000000   Number         0  stm32f4xx_exti.o ABSOLUTE
    ..\\CMSIS\\Driver\\stm32f4xx_flash.c     0x00000000   Number         0  stm32f4xx_flash.o ABSOLUTE
    ..\\CMSIS\\Driver\\stm32f4xx_fsmc.c      0x00000000   Number         0  stm32f4xx_fsmc.o ABSOLUTE
    ..\\CMSIS\\Driver\\stm32f4xx_gpio.c      0x00000000   Number         0  stm32f4xx_gpio.o ABSOLUTE
    ..\\CMSIS\\Driver\\stm32f4xx_hash.c      0x00000000   Number         0  stm32f4xx_hash.o ABSOLUTE
    ..\\CMSIS\\Driver\\stm32f4xx_hash_md5.c  0x00000000   Number         0  stm32f4xx_hash_md5.o ABSOLUTE
    ..\\CMSIS\\Driver\\stm32f4xx_hash_sha1.c 0x00000000   Number         0  stm32f4xx_hash_sha1.o ABSOLUTE
    ..\\CMSIS\\Driver\\stm32f4xx_i2c.c       0x00000000   Number         0  stm32f4xx_i2c.o ABSOLUTE
    ..\\CMSIS\\Driver\\stm32f4xx_iwdg.c      0x00000000   Number         0  stm32f4xx_iwdg.o ABSOLUTE
    ..\\CMSIS\\Driver\\stm32f4xx_pwr.c       0x00000000   Number         0  stm32f4xx_pwr.o ABSOLUTE
    ..\\CMSIS\\Driver\\stm32f4xx_rcc.c       0x00000000   Number         0  stm32f4xx_rcc.o ABSOLUTE
    ..\\CMSIS\\Driver\\stm32f4xx_rng.c       0x00000000   Number         0  stm32f4xx_rng.o ABSOLUTE
    ..\\CMSIS\\Driver\\stm32f4xx_rtc.c       0x00000000   Number         0  stm32f4xx_rtc.o ABSOLUTE
    ..\\CMSIS\\Driver\\stm32f4xx_sdio.c      0x00000000   Number         0  stm32f4xx_sdio.o ABSOLUTE
    ..\\CMSIS\\Driver\\stm32f4xx_spi.c       0x00000000   Number         0  stm32f4xx_spi.o ABSOLUTE
    ..\\CMSIS\\Driver\\stm32f4xx_syscfg.c    0x00000000   Number         0  stm32f4xx_syscfg.o ABSOLUTE
    ..\\CMSIS\\Driver\\stm32f4xx_tim.c       0x00000000   Number         0  stm32f4xx_tim.o ABSOLUTE
    ..\\CMSIS\\Driver\\stm32f4xx_usart.c     0x00000000   Number         0  stm32f4xx_usart.o ABSOLUTE
    ..\\CMSIS\\Driver\\stm32f4xx_wwdg.c      0x00000000   Number         0  stm32f4xx_wwdg.o ABSOLUTE
    ..\\UCOS\\Port\\os_cpu_c.c               0x00000000   Number         0  os_cpu_c.o ABSOLUTE
    ..\\UCOS\\Port\\os_dbg.c                 0x00000000   Number         0  os_dbg.o ABSOLUTE
    ..\\UCOS\\Source\\os_core.c              0x00000000   Number         0  os_core.o ABSOLUTE
    ..\\UCOS\\Source\\os_flag.c              0x00000000   Number         0  os_flag.o ABSOLUTE
    ..\\UCOS\\Source\\os_mbox.c              0x00000000   Number         0  os_mbox.o ABSOLUTE
    ..\\UCOS\\Source\\os_mem.c               0x00000000   Number         0  os_mem.o ABSOLUTE
    ..\\UCOS\\Source\\os_mutex.c             0x00000000   Number         0  os_mutex.o ABSOLUTE
    ..\\UCOS\\Source\\os_q.c                 0x00000000   Number         0  os_q.o ABSOLUTE
    ..\\UCOS\\Source\\os_sem.c               0x00000000   Number         0  os_sem.o ABSOLUTE
    ..\\UCOS\\Source\\os_task.c              0x00000000   Number         0  os_task.o ABSOLUTE
    ..\\UCOS\\Source\\os_time.c              0x00000000   Number         0  os_time.o ABSOLUTE
    ..\\UCOS\\Source\\os_tmr.c               0x00000000   Number         0  os_tmr.o ABSOLUTE
    cdrcmple.s                               0x00000000   Number         0  cdrcmple.o ABSOLUTE
    dc.s                                     0x00000000   Number         0  dc.o ABSOLUTE
    handlers.s                               0x00000000   Number         0  handlers.o ABSOLUTE
    init.s                                   0x00000000   Number         0  init.o ABSOLUTE
    RESET                                    0x08000000   Section      392  startup_stm32f4xx.o(RESET)
    .ARM.Collect$$$$00000000                 0x08000188   Section        0  entry.o(.ARM.Collect$$$$00000000)
    .ARM.Collect$$$$00000001                 0x08000188   Section        4  entry2.o(.ARM.Collect$$$$00000001)
    .ARM.Collect$$$$00000004                 0x0800018c   Section        4  entry5.o(.ARM.Collect$$$$00000004)
    .ARM.Collect$$$$00000008                 0x08000190   Section        0  entry7b.o(.ARM.Collect$$$$00000008)
    .ARM.Collect$$$$0000000A                 0x08000190   Section        0  entry8b.o(.ARM.Collect$$$$0000000A)
    .ARM.Collect$$$$0000000B                 0x08000190   Section        8  entry9a.o(.ARM.Collect$$$$0000000B)
    .ARM.Collect$$$$0000000D                 0x08000198   Section        0  entry10a.o(.ARM.Collect$$$$0000000D)
    .ARM.Collect$$$$0000000F                 0x08000198   Section        0  entry11a.o(.ARM.Collect$$$$0000000F)
    .ARM.Collect$$$$00002712                 0x08000198   Section        4  entry2.o(.ARM.Collect$$$$00002712)
    __lit__00000000                          0x08000198   Data           4  entry2.o(.ARM.Collect$$$$00002712)
    .text                                    0x0800019c   Section        0  main.o(.text)
    .text                                    0x0800026c   Section        0  task_test.o(.text)
    .text                                    0x08000804   Section        0  led.o(.text)
    .text                                    0x08000934   Section        0  bsp_global.o(.text)
    .text                                    0x08000950   Section        0  dma.o(.text)
    NVIC_EnableIRQ                           0x08000b41   Thumb Code    22  dma.o(.text)
    .text                                    0x08000b8c   Section        0  nvic.o(.text)
    .text                                    0x08000c28   Section        0  sci.o(.text)
    RS485_Delay                              0x08000eb9   Thumb Code    10  sci.o(.text)
    .text                                    0x08001128   Section        0  yidaosensor.o(.text)
    .text                                    0x080014a8   Section        0  adc.o(.text)
    .text                                    0x08001558   Section        0  misc.o(.text)
    .text                                    0x08001638   Section        0  stm32f4xx_adc.o(.text)
    .text                                    0x08001ab0   Section        0  stm32f4xx_dma.o(.text)
    .text                                    0x08001e58   Section        0  stm32f4xx_gpio.o(.text)
    .text                                    0x080020b4   Section        0  stm32f4xx_rcc.o(.text)
    .text                                    0x0800263c   Section        0  stm32f4xx_usart.o(.text)
    .text                                    0x08002a58   Section       36  startup_stm32f4xx.o(.text)
    $v0                                      0x08002a58   Number         0  startup_stm32f4xx.o(.text)
    .text                                    0x08002a7c   Section        0  system_stm32f4xx.o(.text)
    SetSysClock                              0x08002a7d   Thumb Code   220  system_stm32f4xx.o(.text)
    .text                                    0x08002c8c   Section      196  os_cpu_a.o(.text)
    $v0                                      0x08002c8c   Number         0  os_cpu_a.o(.text)
    .text                                    0x08002d50   Section        0  os_cpu_c.o(.text)
    .text                                    0x08002e98   Section        0  os_core.o(.text)
    OS_SchedNew                              0x08002f9d   Thumb Code    26  os_core.o(.text)
    OS_InitTaskStat                          0x08003407   Thumb Code    52  os_core.o(.text)
    OS_InitTaskIdle                          0x0800345b   Thumb Code    52  os_core.o(.text)
    OS_InitEventList                         0x080034a1   Thumb Code    60  os_core.o(.text)
    OS_InitTCBList                           0x080034dd   Thumb Code    72  os_core.o(.text)
    OS_InitRdyList                           0x08003525   Thumb Code    46  os_core.o(.text)
    OS_InitMisc                              0x08003553   Thumb Code    44  os_core.o(.text)
    .text                                    0x08003b4c   Section        0  os_flag.o(.text)
    OS_FlagTaskRdy                           0x08003cc3   Thumb Code    82  os_flag.o(.text)
    OS_FlagBlock                             0x08003e7d   Thumb Code   152  os_flag.o(.text)
    .text                                    0x08004348   Section        0  os_mbox.o(.text)
    .text                                    0x0800472c   Section        0  os_mem.o(.text)
    .text                                    0x08004900   Section        0  os_q.o(.text)
    .text                                    0x08004ee4   Section        0  os_task.o(.text)
    .text                                    0x0800570c   Section        0  os_time.o(.text)
    .text                                    0x080058a4   Section        0  rand.o(.text)
    .text                                    0x080058c8   Section        0  memseta.o(.text)
    .text                                    0x080058ec   Section        0  strcat.o(.text)
    .text                                    0x08005904   Section        0  strlen.o(.text)
    .text                                    0x08005912   Section        0  uidiv.o(.text)
    .text                                    0x08005940   Section       36  init.o(.text)
    i.__0sprintf$1                           0x08005964   Section        0  printf1.o(i.__0sprintf$1)
    i.__scatterload_copy                     0x0800598c   Section       14  handlers.o(i.__scatterload_copy)
    i.__scatterload_null                     0x0800599a   Section        2  handlers.o(i.__scatterload_null)
    i.__scatterload_zeroinit                 0x0800599c   Section       14  handlers.o(i.__scatterload_zeroinit)
    i._printf_core                           0x080059ac   Section        0  printf1.o(i._printf_core)
    _printf_core                             0x080059ad   Thumb Code   336  printf1.o(i._printf_core)
    i._sputc                                 0x08005b00   Section        0  printf1.o(i._sputc)
    _sputc                                   0x08005b01   Thumb Code    10  printf1.o(i._sputc)
    .constdata                               0x08005b0a   Section      256  os_core.o(.constdata)
    .data                                    0x20000000   Section        9  task_test.o(.data)
    .data                                    0x20000009   Section        2  dma.o(.data)
    .data                                    0x2000000c   Section       21  sci.o(.data)
    .data                                    0x20000021   Section       16  stm32f4xx_rcc.o(.data)
    APBAHBPrescTable                         0x20000021   Data          16  stm32f4xx_rcc.o(.data)
    .data                                    0x20000034   Section       20  system_stm32f4xx.o(.data)
    .data                                    0x20000048   Section       76  os_core.o(.data)
    .data                                    0x20000094   Section        4  rand.o(.data)
    _rand_state                              0x20000094   Data           4  rand.o(.data)
    .bss                                     0x20000098   Section      400  main.o(.bss)
    .bss                                     0x20000228   Section     4800  task_test.o(.bss)
    .bss                                     0x200014e8   Section     2048  dma.o(.bss)
    .bss                                     0x20001ce8   Section     2048  sci.o(.bss)
    .bss                                     0x200024e8   Section     3752  os_core.o(.bss)
    STACK                                    0x20003390   Section     1024  startup_stm32f4xx.o(STACK)

    Global Symbols

    Symbol Name                              Value     Ov Type        Size  Object(Section)

    BuildAttributes$$THM_ISAv4$E$P$D$K$B$S$7EM$VFPi3$EXTD16$VFPS$VFMA$PE$A:L22UL41UL21$X:L11$S22US41US21$IEEE1$IW$USESV6$~STKCKD$USESV7$~SHL$OSPACE$ROPI$EBA8$MICROLIB$REQ8$PRES8$EABIv2 0x00000000   Number         0  anon$$obj.o ABSOLUTE
    __ARM_use_no_argv                        0x00000000   Number         0  main.o ABSOLUTE
    _printf_a                                0x00000000   Number         0  stubs.o ABSOLUTE
    _printf_c                                0x00000000   Number         0  stubs.o ABSOLUTE
    _printf_charcount                        0x00000000   Number         0  stubs.o ABSOLUTE
    _printf_d                                0x00000000   Number         0  stubs.o ABSOLUTE
    _printf_e                                0x00000000   Number         0  stubs.o ABSOLUTE
    _printf_f                                0x00000000   Number         0  stubs.o ABSOLUTE
    _printf_flags                            0x00000000   Number         0  stubs.o ABSOLUTE
    _printf_fp_dec                           0x00000000   Number         0  stubs.o ABSOLUTE
    _printf_fp_hex                           0x00000000   Number         0  stubs.o ABSOLUTE
    _printf_g                                0x00000000   Number         0  stubs.o ABSOLUTE
    _printf_i                                0x00000000   Number         0  stubs.o ABSOLUTE
    _printf_int_dec                          0x00000000   Number         0  stubs.o ABSOLUTE
    _printf_l                                0x00000000   Number         0  stubs.o ABSOLUTE
    _printf_lc                               0x00000000   Number         0  stubs.o ABSOLUTE
    _printf_ll                               0x00000000   Number         0  stubs.o ABSOLUTE
    _printf_lld                              0x00000000   Number         0  stubs.o ABSOLUTE
    _printf_lli                              0x00000000   Number         0  stubs.o ABSOLUTE
    _printf_llo                              0x00000000   Number         0  stubs.o ABSOLUTE
    _printf_llu                              0x00000000   Number         0  stubs.o ABSOLUTE
    _printf_llx                              0x00000000   Number         0  stubs.o ABSOLUTE
    _printf_longlong_dec                     0x00000000   Number         0  stubs.o ABSOLUTE
    _printf_longlong_hex                     0x00000000   Number         0  stubs.o ABSOLUTE
    _printf_longlong_oct                     0x00000000   Number         0  stubs.o ABSOLUTE
    _printf_ls                               0x00000000   Number         0  stubs.o ABSOLUTE
    _printf_mbtowc                           0x00000000   Number         0  stubs.o ABSOLUTE
    _printf_n                                0x00000000   Number         0  stubs.o ABSOLUTE
    _printf_o                                0x00000000   Number         0  stubs.o ABSOLUTE
    _printf_p                                0x00000000   Number         0  stubs.o ABSOLUTE
    _printf_percent                          0x00000000   Number         0  stubs.o ABSOLUTE
    _printf_pre_padding                      0x00000000   Number         0  stubs.o ABSOLUTE
    _printf_return_value                     0x00000000   Number         0  stubs.o ABSOLUTE
    _printf_s                                0x00000000   Number         0  stubs.o ABSOLUTE
    _printf_sizespec                         0x00000000   Number         0  stubs.o ABSOLUTE
    _printf_str                              0x00000000   Number         0  stubs.o ABSOLUTE
    _printf_truncate_signed                  0x00000000   Number         0  stubs.o ABSOLUTE
    _printf_truncate_unsigned                0x00000000   Number         0  stubs.o ABSOLUTE
    _printf_u                                0x00000000   Number         0  stubs.o ABSOLUTE
    _printf_wc                               0x00000000   Number         0  stubs.o ABSOLUTE
    _printf_wctomb                           0x00000000   Number         0  stubs.o ABSOLUTE
    _printf_widthprec                        0x00000000   Number         0  stubs.o ABSOLUTE
    _printf_x                                0x00000000   Number         0  stubs.o ABSOLUTE
    __cpp_initialize__aeabi_                  - Undefined Weak Reference
    __cxa_finalize                            - Undefined Weak Reference
    __decompress                              - Undefined Weak Reference
    _clock_init                               - Undefined Weak Reference
    _microlib_exit                            - Undefined Weak Reference
    __Vectors_Size                           0x00000188   Number         0  startup_stm32f4xx.o ABSOLUTE
    __Vectors                                0x08000000   Data           4  startup_stm32f4xx.o(RESET)
    __Vectors_End                            0x08000188   Data           0  startup_stm32f4xx.o(RESET)
    __main                                   0x08000189   Thumb Code     0  entry.o(.ARM.Collect$$$$00000000)
    _main_stk                                0x08000189   Thumb Code     0  entry2.o(.ARM.Collect$$$$00000001)
    _main_scatterload                        0x0800018d   Thumb Code     0  entry5.o(.ARM.Collect$$$$00000004)
    __main_after_scatterload                 0x08000191   Thumb Code     0  entry5.o(.ARM.Collect$$$$00000004)
    _main_clock                              0x08000191   Thumb Code     0  entry7b.o(.ARM.Collect$$$$00000008)
    _main_cpp_init                           0x08000191   Thumb Code     0  entry8b.o(.ARM.Collect$$$$0000000A)
    _main_init                               0x08000191   Thumb Code     0  entry9a.o(.ARM.Collect$$$$0000000B)
    __rt_final_cpp                           0x08000199   Thumb Code     0  entry10a.o(.ARM.Collect$$$$0000000D)
    __rt_final_exit                          0x08000199   Thumb Code     0  entry11a.o(.ARM.Collect$$$$0000000F)
    Task_StartUp                             0x0800019d   Thumb Code   132  main.o(.text)
    main                                     0x08000221   Thumb Code    36  main.o(.text)
    Task_LED                                 0x0800026d   Thumb Code    86  task_test.o(.text)
    play_mp3                                 0x080002c3   Thumb Code    78  task_test.o(.text)
    Task_RS232                               0x08000311   Thumb Code  1218  task_test.o(.text)
    Task_SenSor                              0x080007d3   Thumb Code    42  task_test.o(.text)
    LED_Configuration                        0x08000805   Thumb Code    90  led.o(.text)
    LED_Delay                                0x0800085f   Thumb Code    10  led.o(.text)
    LED_Blink                                0x08000869   Thumb Code    84  led.o(.text)
    One_LED_ON                               0x080008bd   Thumb Code   104  led.o(.text)
    BSP_Init                                 0x08000935   Thumb Code    28  bsp_global.o(.text)
    RS232_DMA_Init                           0x08000951   Thumb Code   202  dma.o(.text)
    DMA2_Stream7_IRQHandler                  0x08000a1b   Thumb Code    42  dma.o(.text)
    RS485_DMA_Init                           0x08000a45   Thumb Code   202  dma.o(.text)
    DMA1_Stream6_IRQHandler                  0x08000b0f   Thumb Code    50  dma.o(.text)
    NVIC_Configuration                       0x08000b8d   Thumb Code   154  nvic.o(.text)
    USART_232_Configuration                  0x08000c29   Thumb Code   164  sci.o(.text)
    USART_485_Configuration                  0x08000ccd   Thumb Code   240  sci.o(.text)
    USART1_IRQHandler                        0x08000dbd   Thumb Code    78  sci.o(.text)
    RS232_DMA_Send                           0x08000e0b   Thumb Code    64  sci.o(.text)
    RS232_Send_Data                          0x08000e4b   Thumb Code    38  sci.o(.text)
    RS485_DMA_Send                           0x08000e71   Thumb Code    72  sci.o(.text)
    RS485_Send_Data                          0x08000ec3   Thumb Code    72  sci.o(.text)
    qj005_uart_init                          0x08000f0b   Thumb Code   164  sci.o(.text)
    USART2_IRQHandler                        0x08000faf   Thumb Code   206  sci.o(.text)
    qj005_send_data                          0x0800107d   Thumb Code    48  sci.o(.text)
    send_mp3_command                         0x080010ad   Thumb Code   100  sci.o(.text)
    Sensor_Init                              0x08001129   Thumb Code    44  yidaosensor.o(.text)
    GetSensorV                               0x08001155   Thumb Code   844  yidaosensor.o(.text)
    Adc_Init                                 0x080014a9   Thumb Code   124  adc.o(.text)
    Get_Adc                                  0x08001525   Thumb Code    44  adc.o(.text)
    NVIC_PriorityGroupConfig                 0x08001559   Thumb Code    10  misc.o(.text)
    NVIC_Init                                0x08001563   Thumb Code   106  misc.o(.text)
    NVIC_SetVectorTable                      0x080015cd   Thumb Code    14  misc.o(.text)
    NVIC_SystemLPConfig                      0x080015db   Thumb Code    34  misc.o(.text)
    SysTick_CLKSourceConfig                  0x080015fd   Thumb Code    40  misc.o(.text)
    ADC_DeInit                               0x08001639   Thumb Code    22  stm32f4xx_adc.o(.text)
    ADC_Init                                 0x0800164f   Thumb Code    74  stm32f4xx_adc.o(.text)
    ADC_StructInit                           0x08001699   Thumb Code    20  stm32f4xx_adc.o(.text)
    ADC_CommonInit                           0x080016ad   Thumb Code    34  stm32f4xx_adc.o(.text)
    ADC_CommonStructInit                     0x080016cf   Thumb Code    12  stm32f4xx_adc.o(.text)
    ADC_Cmd                                  0x080016db   Thumb Code    22  stm32f4xx_adc.o(.text)
    ADC_AnalogWatchdogCmd                    0x080016f1   Thumb Code    16  stm32f4xx_adc.o(.text)
    ADC_AnalogWatchdogThresholdsConfig       0x08001701   Thumb Code     6  stm32f4xx_adc.o(.text)
    ADC_AnalogWatchdogSingleChannelConfig    0x08001707   Thumb Code    16  stm32f4xx_adc.o(.text)
    ADC_TempSensorVrefintCmd                 0x08001717   Thumb Code    34  stm32f4xx_adc.o(.text)
    ADC_VBATCmd                              0x08001739   Thumb Code    34  stm32f4xx_adc.o(.text)
    ADC_RegularChannelConfig                 0x0800175b   Thumb Code   184  stm32f4xx_adc.o(.text)
    ADC_SoftwareStartConv                    0x08001813   Thumb Code    10  stm32f4xx_adc.o(.text)
    ADC_SoftwareSTOPConv                     0x0800181d   Thumb Code    10  stm32f4xx_adc.o(.text)
    ADC_GetSoftwareStartConvStatus           0x08001827   Thumb Code    20  stm32f4xx_adc.o(.text)
    ADC_EOCOnEachRegularChannelCmd           0x0800183b   Thumb Code    22  stm32f4xx_adc.o(.text)
    ADC_ContinuousModeCmd                    0x08001851   Thumb Code    22  stm32f4xx_adc.o(.text)
    ADC_DiscModeChannelCountConfig           0x08001867   Thumb Code    24  stm32f4xx_adc.o(.text)
    ADC_DiscModeCmd                          0x0800187f   Thumb Code    22  stm32f4xx_adc.o(.text)
    ADC_GetConversionValue                   0x08001895   Thumb Code     8  stm32f4xx_adc.o(.text)
    MY_ADC_GetConversionValue                0x0800189d   Thumb Code     8  stm32f4xx_adc.o(.text)
    ADC_GetMultiModeConversionValue          0x080018a5   Thumb Code     8  stm32f4xx_adc.o(.text)
    ADC_DMACmd                               0x080018ad   Thumb Code    22  stm32f4xx_adc.o(.text)
    ADC_DMARequestAfterLastTransferCmd       0x080018c3   Thumb Code    22  stm32f4xx_adc.o(.text)
    ADC_MultiModeDMARequestAfterLastTransferCmd 0x080018d9   Thumb Code    34  stm32f4xx_adc.o(.text)
    ADC_InjectedChannelConfig                0x080018fb   Thumb Code   130  stm32f4xx_adc.o(.text)
    ADC_InjectedSequencerLengthConfig        0x0800197d   Thumb Code    24  stm32f4xx_adc.o(.text)
    ADC_SetInjectedOffset                    0x08001995   Thumb Code    20  stm32f4xx_adc.o(.text)
    ADC_ExternalTrigInjectedConvConfig       0x080019a9   Thumb Code    16  stm32f4xx_adc.o(.text)
    ADC_ExternalTrigInjectedConvEdgeConfig   0x080019b9   Thumb Code    16  stm32f4xx_adc.o(.text)
    ADC_SoftwareStartInjectedConv            0x080019c9   Thumb Code    10  stm32f4xx_adc.o(.text)
    ADC_GetSoftwareStartInjectedConvCmdStatus 0x080019d3   Thumb Code    20  stm32f4xx_adc.o(.text)
    ADC_AutoInjectedConvCmd                  0x080019e7   Thumb Code    22  stm32f4xx_adc.o(.text)
    ADC_InjectedDiscModeCmd                  0x080019fd   Thumb Code    22  stm32f4xx_adc.o(.text)
    ADC_GetInjectedConversionValue           0x08001a13   Thumb Code    28  stm32f4xx_adc.o(.text)
    ADC_ITConfig                             0x08001a2f   Thumb Code    58  stm32f4xx_adc.o(.text)
    ADC_GetFlagStatus                        0x08001a69   Thumb Code    18  stm32f4xx_adc.o(.text)
    ADC_ClearFlag                            0x08001a7b   Thumb Code     6  stm32f4xx_adc.o(.text)
    ADC_GetITStatus                          0x08001a81   Thumb Code    38  stm32f4xx_adc.o(.text)
    ADC_ClearITPendingBit                    0x08001aa7   Thumb Code    10  stm32f4xx_adc.o(.text)
    DMA_DeInit                               0x08001ab1   Thumb Code   324  stm32f4xx_dma.o(.text)
    DMA_Init                                 0x08001bf5   Thumb Code    82  stm32f4xx_dma.o(.text)
    DMA_StructInit                           0x08001c47   Thumb Code    34  stm32f4xx_dma.o(.text)
    DMA_Cmd                                  0x08001c69   Thumb Code    22  stm32f4xx_dma.o(.text)
    DMA_PeriphIncOffsetSizeConfig            0x08001c7f   Thumb Code    22  stm32f4xx_dma.o(.text)
    DMA_FlowControllerConfig                 0x08001c95   Thumb Code    22  stm32f4xx_dma.o(.text)
    DMA_SetCurrDataCounter                   0x08001cab   Thumb Code     4  stm32f4xx_dma.o(.text)
    DMA_GetCurrDataCounter                   0x08001caf   Thumb Code     8  stm32f4xx_dma.o(.text)
    DMA_DoubleBufferModeConfig               0x08001cb7   Thumb Code    24  stm32f4xx_dma.o(.text)
    DMA_DoubleBufferModeCmd                  0x08001ccf   Thumb Code    22  stm32f4xx_dma.o(.text)
    DMA_MemoryTargetConfig                   0x08001ce5   Thumb Code    10  stm32f4xx_dma.o(.text)
    DMA_GetCurrentMemoryTarget               0x08001cef   Thumb Code    20  stm32f4xx_dma.o(.text)
    DMA_GetCmdStatus                         0x08001d03   Thumb Code    20  stm32f4xx_dma.o(.text)
    DMA_GetFIFOStatus                        0x08001d17   Thumb Code    12  stm32f4xx_dma.o(.text)
    DMA_GetFlagStatus                        0x08001d23   Thumb Code    56  stm32f4xx_dma.o(.text)
    DMA_ClearFlag                            0x08001d5b   Thumb Code    40  stm32f4xx_dma.o(.text)
    DMA_ITConfig                             0x08001d83   Thumb Code    58  stm32f4xx_dma.o(.text)
    DMA_GetITStatus                          0x08001dbd   Thumb Code    84  stm32f4xx_dma.o(.text)
    DMA_ClearITPendingBit                    0x08001e11   Thumb Code    40  stm32f4xx_dma.o(.text)
    GPIO_DeInit                              0x08001e59   Thumb Code   220  stm32f4xx_gpio.o(.text)
    GPIO_Init                                0x08001f35   Thumb Code   144  stm32f4xx_gpio.o(.text)
    GPIO_StructInit                          0x08001fc5   Thumb Code    18  stm32f4xx_gpio.o(.text)
    GPIO_PinLockConfig                       0x08001fd7   Thumb Code    34  stm32f4xx_gpio.o(.text)
    GPIO_ReadInputDataBit                    0x08001ff9   Thumb Code    18  stm32f4xx_gpio.o(.text)
    GPIO_ReadInputData                       0x0800200b   Thumb Code     8  stm32f4xx_gpio.o(.text)
    GPIO_ReadOutputDataBit                   0x08002013   Thumb Code    18  stm32f4xx_gpio.o(.text)
    GPIO_ReadOutputData                      0x08002025   Thumb Code     8  stm32f4xx_gpio.o(.text)
    GPIO_SetBits                             0x0800202d   Thumb Code     4  stm32f4xx_gpio.o(.text)
    GPIO_ResetBits                           0x08002031   Thumb Code     4  stm32f4xx_gpio.o(.text)
    GPIO_WriteBit                            0x08002035   Thumb Code    10  stm32f4xx_gpio.o(.text)
    GPIO_Write                               0x0800203f   Thumb Code     4  stm32f4xx_gpio.o(.text)
    GPIO_ToggleBits                          0x08002043   Thumb Code     8  stm32f4xx_gpio.o(.text)
    GPIO_PinAFConfig                         0x0800204b   Thumb Code    70  stm32f4xx_gpio.o(.text)
    RCC_DeInit                               0x080020b5   Thumb Code    60  stm32f4xx_rcc.o(.text)
    RCC_HSEConfig                            0x080020f1   Thumb Code    14  stm32f4xx_rcc.o(.text)
    RCC_GetFlagStatus                        0x080020ff   Thumb Code    60  stm32f4xx_rcc.o(.text)
    RCC_WaitForHSEStartUp                    0x0800213b   Thumb Code    56  stm32f4xx_rcc.o(.text)
    RCC_AdjustHSICalibrationValue            0x08002173   Thumb Code    20  stm32f4xx_rcc.o(.text)
    RCC_HSICmd                               0x08002187   Thumb Code     6  stm32f4xx_rcc.o(.text)
    RCC_LSEConfig                            0x0800218d   Thumb Code    46  stm32f4xx_rcc.o(.text)
    RCC_LSICmd                               0x080021bb   Thumb Code     6  stm32f4xx_rcc.o(.text)
    RCC_PLLConfig                            0x080021c1   Thumb Code    32  stm32f4xx_rcc.o(.text)
    RCC_PLLCmd                               0x080021e1   Thumb Code     6  stm32f4xx_rcc.o(.text)
    RCC_PLLI2SConfig                         0x080021e7   Thumb Code    14  stm32f4xx_rcc.o(.text)
    RCC_PLLI2SCmd                            0x080021f5   Thumb Code     6  stm32f4xx_rcc.o(.text)
    RCC_ClockSecuritySystemCmd               0x080021fb   Thumb Code     6  stm32f4xx_rcc.o(.text)
    RCC_MCO1Config                           0x08002201   Thumb Code    28  stm32f4xx_rcc.o(.text)
    RCC_MCO2Config                           0x0800221d   Thumb Code    28  stm32f4xx_rcc.o(.text)
    RCC_SYSCLKConfig                         0x08002239   Thumb Code    20  stm32f4xx_rcc.o(.text)
    RCC_GetSYSCLKSource                      0x0800224d   Thumb Code    12  stm32f4xx_rcc.o(.text)
    RCC_HCLKConfig                           0x08002259   Thumb Code    20  stm32f4xx_rcc.o(.text)
    RCC_PCLK1Config                          0x0800226d   Thumb Code    20  stm32f4xx_rcc.o(.text)
    RCC_PCLK2Config                          0x08002281   Thumb Code    22  stm32f4xx_rcc.o(.text)
    RCC_GetClocksFreq                        0x08002297   Thumb Code   222  stm32f4xx_rcc.o(.text)
    RCC_RTCCLKConfig                         0x08002375   Thumb Code    54  stm32f4xx_rcc.o(.text)
    RCC_RTCCLKCmd                            0x080023ab   Thumb Code     8  stm32f4xx_rcc.o(.text)
    RCC_BackupResetCmd                       0x080023b3   Thumb Code     8  stm32f4xx_rcc.o(.text)
    RCC_I2SCLKConfig                         0x080023bb   Thumb Code     6  stm32f4xx_rcc.o(.text)
    RCC_AHB1PeriphClockCmd                   0x080023c1   Thumb Code    34  stm32f4xx_rcc.o(.text)
    RCC_AHB2PeriphClockCmd                   0x080023e3   Thumb Code    34  stm32f4xx_rcc.o(.text)
    RCC_AHB3PeriphClockCmd                   0x08002405   Thumb Code    34  stm32f4xx_rcc.o(.text)
    RCC_APB1PeriphClockCmd                   0x08002427   Thumb Code    34  stm32f4xx_rcc.o(.text)
    RCC_APB2PeriphClockCmd                   0x08002449   Thumb Code    34  stm32f4xx_rcc.o(.text)
    RCC_AHB1PeriphResetCmd                   0x0800246b   Thumb Code    34  stm32f4xx_rcc.o(.text)
    RCC_AHB2PeriphResetCmd                   0x0800248d   Thumb Code    72  stm32f4xx_rcc.o(.text)
    RCC_AHB3PeriphResetCmd                   0x080024d5   Thumb Code    34  stm32f4xx_rcc.o(.text)
    RCC_APB1PeriphResetCmd                   0x080024f7   Thumb Code    34  stm32f4xx_rcc.o(.text)
    RCC_APB2PeriphResetCmd                   0x08002519   Thumb Code    34  stm32f4xx_rcc.o(.text)
    RCC_AHB1PeriphClockLPModeCmd             0x0800253b   Thumb Code    34  stm32f4xx_rcc.o(.text)
    RCC_AHB2PeriphClockLPModeCmd             0x0800255d   Thumb Code    34  stm32f4xx_rcc.o(.text)
    RCC_AHB3PeriphClockLPModeCmd             0x0800257f   Thumb Code    34  stm32f4xx_rcc.o(.text)
    RCC_APB1PeriphClockLPModeCmd             0x080025a1   Thumb Code    34  stm32f4xx_rcc.o(.text)
    RCC_APB2PeriphClockLPModeCmd             0x080025c3   Thumb Code    34  stm32f4xx_rcc.o(.text)
    RCC_ITConfig                             0x080025e5   Thumb Code    34  stm32f4xx_rcc.o(.text)
    RCC_ClearFlag                            0x08002607   Thumb Code    18  stm32f4xx_rcc.o(.text)
    RCC_GetITStatus                          0x08002619   Thumb Code    22  stm32f4xx_rcc.o(.text)
    RCC_ClearITPendingBit                    0x0800262f   Thumb Code     8  stm32f4xx_rcc.o(.text)
    USART_DeInit                             0x0800263d   Thumb Code   156  stm32f4xx_usart.o(.text)
    USART_Init                               0x080026d9   Thumb Code   204  stm32f4xx_usart.o(.text)
    USART_StructInit                         0x080027a5   Thumb Code    24  stm32f4xx_usart.o(.text)
    USART_ClockInit                          0x080027bd   Thumb Code    32  stm32f4xx_usart.o(.text)
    USART_ClockStructInit                    0x080027dd   Thumb Code    12  stm32f4xx_usart.o(.text)
    USART_Cmd                                0x080027e9   Thumb Code    24  stm32f4xx_usart.o(.text)
    USART_SetPrescaler                       0x08002801   Thumb Code    16  stm32f4xx_usart.o(.text)
    USART_OverSampling8Cmd                   0x08002811   Thumb Code    22  stm32f4xx_usart.o(.text)
    USART_OneBitMethodCmd                    0x08002827   Thumb Code    24  stm32f4xx_usart.o(.text)
    USART_SendData                           0x0800283f   Thumb Code     8  stm32f4xx_usart.o(.text)
    USART_ReceiveData                        0x08002847   Thumb Code    10  stm32f4xx_usart.o(.text)
    USART_SetAddress                         0x08002851   Thumb Code    18  stm32f4xx_usart.o(.text)
    USART_ReceiverWakeUpCmd                  0x08002863   Thumb Code    24  stm32f4xx_usart.o(.text)
    USART_WakeUpConfig                       0x0800287b   Thumb Code    18  stm32f4xx_usart.o(.text)
    USART_LINBreakDetectLengthConfig         0x0800288d   Thumb Code    18  stm32f4xx_usart.o(.text)
    USART_LINCmd                             0x0800289f   Thumb Code    24  stm32f4xx_usart.o(.text)
    USART_SendBreak                          0x080028b7   Thumb Code    10  stm32f4xx_usart.o(.text)
    USART_HalfDuplexCmd                      0x080028c1   Thumb Code    24  stm32f4xx_usart.o(.text)
    USART_SetGuardTime                       0x080028d9   Thumb Code    16  stm32f4xx_usart.o(.text)
    USART_SmartCardCmd                       0x080028e9   Thumb Code    24  stm32f4xx_usart.o(.text)
    USART_SmartCardNACKCmd                   0x08002901   Thumb Code    24  stm32f4xx_usart.o(.text)
    USART_IrDAConfig                         0x08002919   Thumb Code    18  stm32f4xx_usart.o(.text)
    USART_IrDACmd                            0x0800292b   Thumb Code    24  stm32f4xx_usart.o(.text)
    USART_DMACmd                             0x08002943   Thumb Code    18  stm32f4xx_usart.o(.text)
    USART_ITConfig                           0x08002955   Thumb Code    74  stm32f4xx_usart.o(.text)
    USART_GetFlagStatus                      0x0800299f   Thumb Code    26  stm32f4xx_usart.o(.text)
    USART_ClearFlag                          0x080029b9   Thumb Code    18  stm32f4xx_usart.o(.text)
    USART_GetITStatus                        0x080029cb   Thumb Code   110  stm32f4xx_usart.o(.text)
    USART_ClearITPendingBit                  0x08002a39   Thumb Code    30  stm32f4xx_usart.o(.text)
    Reset_Handler                            0x08002a59   Thumb Code     8  startup_stm32f4xx.o(.text)
    NMI_Handler                              0x08002a61   Thumb Code     2  startup_stm32f4xx.o(.text)
    HardFault_Handler                        0x08002a63   Thumb Code     2  startup_stm32f4xx.o(.text)
    MemManage_Handler                        0x08002a65   Thumb Code     2  startup_stm32f4xx.o(.text)
    BusFault_Handler                         0x08002a67   Thumb Code     2  startup_stm32f4xx.o(.text)
    UsageFault_Handler                       0x08002a69   Thumb Code     2  startup_stm32f4xx.o(.text)
    SVC_Handler                              0x08002a6b   Thumb Code     2  startup_stm32f4xx.o(.text)
    DebugMon_Handler                         0x08002a6d   Thumb Code     2  startup_stm32f4xx.o(.text)
    ADC_IRQHandler                           0x08002a73   Thumb Code     0  startup_stm32f4xx.o(.text)
    CAN1_RX0_IRQHandler                      0x08002a73   Thumb Code     0  startup_stm32f4xx.o(.text)
    CAN1_RX1_IRQHandler                      0x08002a73   Thumb Code     0  startup_stm32f4xx.o(.text)
    CAN1_SCE_IRQHandler                      0x08002a73   Thumb Code     0  startup_stm32f4xx.o(.text)
    CAN1_TX_IRQHandler                       0x08002a73   Thumb Code     0  startup_stm32f4xx.o(.text)
    CAN2_RX0_IRQHandler                      0x08002a73   Thumb Code     0  startup_stm32f4xx.o(.text)
    CAN2_RX1_IRQHandler                      0x08002a73   Thumb Code     0  startup_stm32f4xx.o(.text)
    CAN2_SCE_IRQHandler                      0x08002a73   Thumb Code     0  startup_stm32f4xx.o(.text)
    CAN2_TX_IRQHandler                       0x08002a73   Thumb Code     0  startup_stm32f4xx.o(.text)
    CRYP_IRQHandler                          0x08002a73   Thumb Code     0  startup_stm32f4xx.o(.text)
    DCMI_IRQHandler                          0x08002a73   Thumb Code     0  startup_stm32f4xx.o(.text)
    DMA1_Stream0_IRQHandler                  0x08002a73   Thumb Code     0  startup_stm32f4xx.o(.text)
    DMA1_Stream1_IRQHandler                  0x08002a73   Thumb Code     0  startup_stm32f4xx.o(.text)
    DMA1_Stream2_IRQHandler                  0x08002a73   Thumb Code     0  startup_stm32f4xx.o(.text)
    DMA1_Stream3_IRQHandler                  0x08002a73   Thumb Code     0  startup_stm32f4xx.o(.text)
    DMA1_Stream4_IRQHandler                  0x08002a73   Thumb Code     0  startup_stm32f4xx.o(.text)
    DMA1_Stream5_IRQHandler                  0x08002a73   Thumb Code     0  startup_stm32f4xx.o(.text)
    DMA1_Stream7_IRQHandler                  0x08002a73   Thumb Code     0  startup_stm32f4xx.o(.text)
    DMA2_Stream0_IRQHandler                  0x08002a73   Thumb Code     0  startup_stm32f4xx.o(.text)
    DMA2_Stream1_IRQHandler                  0x08002a73   Thumb Code     0  startup_stm32f4xx.o(.text)
    DMA2_Stream2_IRQHandler                  0x08002a73   Thumb Code     0  startup_stm32f4xx.o(.text)
    DMA2_Stream3_IRQHandler                  0x08002a73   Thumb Code     0  startup_stm32f4xx.o(.text)
    DMA2_Stream4_IRQHandler                  0x08002a73   Thumb Code     0  startup_stm32f4xx.o(.text)
    DMA2_Stream5_IRQHandler                  0x08002a73   Thumb Code     0  startup_stm32f4xx.o(.text)
    DMA2_Stream6_IRQHandler                  0x08002a73   Thumb Code     0  startup_stm32f4xx.o(.text)
    ETH_IRQHandler                           0x08002a73   Thumb Code     0  startup_stm32f4xx.o(.text)
    ETH_WKUP_IRQHandler                      0x08002a73   Thumb Code     0  startup_stm32f4xx.o(.text)
    EXTI0_IRQHandler                         0x08002a73   Thumb Code     0  startup_stm32f4xx.o(.text)
    EXTI15_10_IRQHandler                     0x08002a73   Thumb Code     0  startup_stm32f4xx.o(.text)
    EXTI1_IRQHandler                         0x08002a73   Thumb Code     0  startup_stm32f4xx.o(.text)
    EXTI2_IRQHandler                         0x08002a73   Thumb Code     0  startup_stm32f4xx.o(.text)
    EXTI3_IRQHandler                         0x08002a73   Thumb Code     0  startup_stm32f4xx.o(.text)
    EXTI4_IRQHandler                         0x08002a73   Thumb Code     0  startup_stm32f4xx.o(.text)
    EXTI9_5_IRQHandler                       0x08002a73   Thumb Code     0  startup_stm32f4xx.o(.text)
    FLASH_IRQHandler                         0x08002a73   Thumb Code     0  startup_stm32f4xx.o(.text)
    FPU_IRQHandler                           0x08002a73   Thumb Code     0  startup_stm32f4xx.o(.text)
    FSMC_IRQHandler                          0x08002a73   Thumb Code     0  startup_stm32f4xx.o(.text)
    HASH_RNG_IRQHandler                      0x08002a73   Thumb Code     0  startup_stm32f4xx.o(.text)
    I2C1_ER_IRQHandler                       0x08002a73   Thumb Code     0  startup_stm32f4xx.o(.text)
    I2C1_EV_IRQHandler                       0x08002a73   Thumb Code     0  startup_stm32f4xx.o(.text)
    I2C2_ER_IRQHandler                       0x08002a73   Thumb Code     0  startup_stm32f4xx.o(.text)
    I2C2_EV_IRQHandler                       0x08002a73   Thumb Code     0  startup_stm32f4xx.o(.text)
    I2C3_ER_IRQHandler                       0x08002a73   Thumb Code     0  startup_stm32f4xx.o(.text)
    I2C3_EV_IRQHandler                       0x08002a73   Thumb Code     0  startup_stm32f4xx.o(.text)
    OTG_FS_IRQHandler                        0x08002a73   Thumb Code     0  startup_stm32f4xx.o(.text)
    OTG_FS_WKUP_IRQHandler                   0x08002a73   Thumb Code     0  startup_stm32f4xx.o(.text)
    OTG_HS_EP1_IN_IRQHandler                 0x08002a73   Thumb Code     0  startup_stm32f4xx.o(.text)
    OTG_HS_EP1_OUT_IRQHandler                0x08002a73   Thumb Code     0  startup_stm32f4xx.o(.text)
    OTG_HS_IRQHandler                        0x08002a73   Thumb Code     0  startup_stm32f4xx.o(.text)
    OTG_HS_WKUP_IRQHandler                   0x08002a73   Thumb Code     0  startup_stm32f4xx.o(.text)
    PVD_IRQHandler                           0x08002a73   Thumb Code     0  startup_stm32f4xx.o(.text)
    RCC_IRQHandler                           0x08002a73   Thumb Code     0  startup_stm32f4xx.o(.text)
    RTC_Alarm_IRQHandler                     0x08002a73   Thumb Code     0  startup_stm32f4xx.o(.text)
    RTC_WKUP_IRQHandler                      0x08002a73   Thumb Code     0  startup_stm32f4xx.o(.text)
    SDIO_IRQHandler                          0x08002a73   Thumb Code     0  startup_stm32f4xx.o(.text)
    SPI1_IRQHandler                          0x08002a73   Thumb Code     0  startup_stm32f4xx.o(.text)
    SPI2_IRQHandler                          0x08002a73   Thumb Code     0  startup_stm32f4xx.o(.text)
    SPI3_IRQHandler                          0x08002a73   Thumb Code     0  startup_stm32f4xx.o(.text)
    TAMP_STAMP_IRQHandler                    0x08002a73   Thumb Code     0  startup_stm32f4xx.o(.text)
    TIM1_BRK_TIM9_IRQHandler                 0x08002a73   Thumb Code     0  startup_stm32f4xx.o(.text)
    TIM1_CC_IRQHandler                       0x08002a73   Thumb Code     0  startup_stm32f4xx.o(.text)
    TIM1_TRG_COM_TIM11_IRQHandler            0x08002a73   Thumb Code     0  startup_stm32f4xx.o(.text)
    TIM1_UP_TIM10_IRQHandler                 0x08002a73   Thumb Code     0  startup_stm32f4xx.o(.text)
    TIM2_IRQHandler                          0x08002a73   Thumb Code     0  startup_stm32f4xx.o(.text)
    TIM3_IRQHandler                          0x08002a73   Thumb Code     0  startup_stm32f4xx.o(.text)
    TIM4_IRQHandler                          0x08002a73   Thumb Code     0  startup_stm32f4xx.o(.text)
    TIM5_IRQHandler                          0x08002a73   Thumb Code     0  startup_stm32f4xx.o(.text)
    TIM6_DAC_IRQHandler                      0x08002a73   Thumb Code     0  startup_stm32f4xx.o(.text)
    TIM7_IRQHandler                          0x08002a73   Thumb Code     0  startup_stm32f4xx.o(.text)
    TIM8_BRK_TIM12_IRQHandler                0x08002a73   Thumb Code     0  startup_stm32f4xx.o(.text)
    TIM8_CC_IRQHandler                       0x08002a73   Thumb Code     0  startup_stm32f4xx.o(.text)
    TIM8_TRG_COM_TIM14_IRQHandler            0x08002a73   Thumb Code     0  startup_stm32f4xx.o(.text)
    TIM8_UP_TIM13_IRQHandler                 0x08002a73   Thumb Code     0  startup_stm32f4xx.o(.text)
    UART4_IRQHandler                         0x08002a73   Thumb Code     0  startup_stm32f4xx.o(.text)
    UART5_IRQHandler                         0x08002a73   Thumb Code     0  startup_stm32f4xx.o(.text)
    USART3_IRQHandler                        0x08002a73   Thumb Code     0  startup_stm32f4xx.o(.text)
    USART6_IRQHandler                        0x08002a73   Thumb Code     0  startup_stm32f4xx.o(.text)
    WWDG_IRQHandler                          0x08002a73   Thumb Code     0  startup_stm32f4xx.o(.text)
    SystemInit                               0x08002b59   Thumb Code    88  system_stm32f4xx.o(.text)
    SystemCoreClockUpdate                    0x08002bb1   Thumb Code   174  system_stm32f4xx.o(.text)
    OS_CPU_SR_Save                           0x08002c8d   Thumb Code     0  os_cpu_a.o(.text)
    OS_CPU_SR_Restore                        0x08002c95   Thumb Code     0  os_cpu_a.o(.text)
    OSStartHighRdy                           0x08002c9b   Thumb Code     0  os_cpu_a.o(.text)
    OSCtxSw                                  0x08002cbb   Thumb Code     0  os_cpu_a.o(.text)
    OSIntCtxSw                               0x08002cc5   Thumb Code     0  os_cpu_a.o(.text)
    OS_CPU_PendSVHandler                     0x08002ccf   Thumb Code     0  os_cpu_a.o(.text)
    CPU_IntDisable                           0x08002d29   Thumb Code     0  os_cpu_a.o(.text)
    CPU_IntEnable                            0x08002d2d   Thumb Code     0  os_cpu_a.o(.text)
    OSInitHookBegin                          0x08002d51   Thumb Code     8  os_cpu_c.o(.text)
    OSInitHookEnd                            0x08002d59   Thumb Code     8  os_cpu_c.o(.text)
    OSTaskCreateHook                         0x08002d61   Thumb Code     2  os_cpu_c.o(.text)
    OSTaskDelHook                            0x08002d63   Thumb Code     2  os_cpu_c.o(.text)
    OSTaskIdleHook                           0x08002d65   Thumb Code     2  os_cpu_c.o(.text)
    OSTaskReturnHook                         0x08002d67   Thumb Code     2  os_cpu_c.o(.text)
    OSTaskStatHook                           0x08002d69   Thumb Code     2  os_cpu_c.o(.text)
    OSTaskStkInit                            0x08002d6b   Thumb Code   210  os_cpu_c.o(.text)
    OSTaskSwHook                             0x08002e3d   Thumb Code     2  os_cpu_c.o(.text)
    OSTCBInitHook                            0x08002e3f   Thumb Code     2  os_cpu_c.o(.text)
    OS_CPU_SysTickHandler                    0x08002e41   Thumb Code    34  os_cpu_c.o(.text)
    OS_CPU_SysTickInit                       0x08002e63   Thumb Code    42  os_cpu_c.o(.text)
    OS_StrLen                                0x08002e99   Thumb Code    20  os_core.o(.text)
    OSEventNameGet                           0x08002ead   Thumb Code    98  os_core.o(.text)
    OSEventNameSet                           0x08002f0f   Thumb Code    84  os_core.o(.text)
    OS_EventTaskRemoveMulti                  0x08002f63   Thumb Code    58  os_core.o(.text)
    OS_Sched                                 0x08002fb7   Thumb Code    88  os_core.o(.text)
    OS_EventTaskWaitMulti                    0x0800300f   Thumb Code   136  os_core.o(.text)
    OSEventPendMulti                         0x08003097   Thumb Code   712  os_core.o(.text)
    OS_TaskStatStkChk                        0x0800335f   Thumb Code    54  os_core.o(.text)
    OS_TaskStat                              0x08003395   Thumb Code   114  os_core.o(.text)
    OS_TaskIdle                              0x0800343b   Thumb Code    32  os_core.o(.text)
    OS_MemClr                                0x0800348f   Thumb Code    18  os_core.o(.text)
    OSInit                                   0x0800357f   Thumb Code    48  os_core.o(.text)
    OSIntEnter                               0x080035af   Thumb Code    44  os_core.o(.text)
    OSIntExit                                0x080035db   Thumb Code   112  os_core.o(.text)
    OSSchedLock                              0x0800364b   Thumb Code    50  os_core.o(.text)
    OSSchedUnlock                            0x0800367d   Thumb Code   228  os_core.o(.text)
    OSStart                                  0x08003761   Thumb Code    48  os_core.o(.text)
    OSStatInit                               0x08003791   Thumb Code    62  os_core.o(.text)
    OSTimeTick                               0x080037cf   Thumb Code   206  os_core.o(.text)
    OSVersion                                0x0800389d   Thumb Code     6  os_core.o(.text)
    OS_Dummy                                 0x080038a3   Thumb Code     2  os_core.o(.text)
    OS_EventTaskRemove                       0x080038a5   Thumb Code    42  os_core.o(.text)
    OS_EventTaskRdy                          0x080038cf   Thumb Code   128  os_core.o(.text)
    OS_EventTaskWait                         0x0800394f   Thumb Code   112  os_core.o(.text)
    OS_EventWaitListInit                     0x080039bf   Thumb Code    28  os_core.o(.text)
    OS_MemCopy                               0x080039db   Thumb Code    20  os_core.o(.text)
    OS_TCBInit                               0x080039ef   Thumb Code   282  os_core.o(.text)
    OSFlagAccept                             0x08003b4d   Thumb Code   252  os_flag.o(.text)
    OSFlagCreate                             0x08003c49   Thumb Code    86  os_flag.o(.text)
    OS_FlagUnlink                            0x08003c9f   Thumb Code    36  os_flag.o(.text)
    OSFlagDel                                0x08003d15   Thumb Code   214  os_flag.o(.text)
    OSFlagNameGet                            0x08003deb   Thumb Code    80  os_flag.o(.text)
    OSFlagNameSet                            0x08003e3b   Thumb Code    66  os_flag.o(.text)
    OSFlagPend                               0x08003f15   Thumb Code   614  os_flag.o(.text)
    OSFlagPendGetFlagsRdy                    0x0800417b   Thumb Code    26  os_flag.o(.text)
    OSFlagPost                               0x08004195   Thumb Code   312  os_flag.o(.text)
    OSFlagQuery                              0x080042cd   Thumb Code    48  os_flag.o(.text)
    OS_FlagInit                              0x080042fd   Thumb Code    64  os_flag.o(.text)
    OSMboxAccept                             0x08004349   Thumb Code    38  os_mbox.o(.text)
    OSMboxCreate                             0x0800436f   Thumb Code    72  os_mbox.o(.text)
    OSMboxDel                                0x080043b7   Thumb Code   210  os_mbox.o(.text)
    OSMboxPend                               0x08004489   Thumb Code   252  os_mbox.o(.text)
    OSMboxPendAbort                          0x08004585   Thumb Code   128  os_mbox.o(.text)
    OSMboxPost                               0x08004605   Thumb Code    80  os_mbox.o(.text)
    OSMboxPostOpt                            0x08004655   Thumb Code   120  os_mbox.o(.text)
    OSMboxQuery                              0x080046cd   Thumb Code    76  os_mbox.o(.text)
    OSMemCreate                              0x0800472d   Thumb Code   114  os_mem.o(.text)
    OSMemGet                                 0x0800479f   Thumb Code    62  os_mem.o(.text)
    OSMemNameGet                             0x080047dd   Thumb Code    60  os_mem.o(.text)
    OSMemNameSet                             0x08004819   Thumb Code    48  os_mem.o(.text)
    OSMemPut                                 0x08004849   Thumb Code    54  os_mem.o(.text)
    OSMemQuery                               0x0800487f   Thumb Code    52  os_mem.o(.text)
    OS_MemInit                               0x080048b3   Thumb Code    60  os_mem.o(.text)
    OSQAccept                                0x08004901   Thumb Code    88  os_q.o(.text)
    OSQCreate                                0x08004959   Thumb Code   144  os_q.o(.text)
    OSQDel                                   0x080049e9   Thumb Code   244  os_q.o(.text)
    OSQFlush                                 0x08004add   Thumb Code    36  os_q.o(.text)
    OSQPend                                  0x08004b01   Thumb Code   278  os_q.o(.text)
    OSQPendAbort                             0x08004c17   Thumb Code   128  os_q.o(.text)
    OSQPost                                  0x08004c97   Thumb Code   114  os_q.o(.text)
    OSQPostFront                             0x08004d09   Thumb Code   142  os_q.o(.text)
    OSQPostOpt                               0x08004d97   Thumb Code   182  os_q.o(.text)
    OSQQuery                                 0x08004e4d   Thumb Code    98  os_q.o(.text)
    OS_QInit                                 0x08004eaf   Thumb Code    46  os_q.o(.text)
    OSTaskChangePrio                         0x08004ee5   Thumb Code   396  os_task.o(.text)
    OSTaskCreate                             0x08005071   Thumb Code   148  os_task.o(.text)
    OS_TaskStkClr                            0x08005105   Thumb Code    26  os_task.o(.text)
    OSTaskCreateExt                          0x0800511f   Thumb Code   170  os_task.o(.text)
    OSTaskDel                                0x080051c9   Thumb Code   352  os_task.o(.text)
    OSTaskDelReq                             0x08005329   Thumb Code   100  os_task.o(.text)
    OSTaskNameGet                            0x0800538d   Thumb Code   114  os_task.o(.text)
    OSTaskNameSet                            0x080053ff   Thumb Code    98  os_task.o(.text)
    OSTaskResume                             0x08005461   Thumb Code   154  os_task.o(.text)
    OSTaskStkChk                             0x080054fb   Thumb Code   132  os_task.o(.text)
    OSTaskSuspend                            0x0800557f   Thumb Code   152  os_task.o(.text)
    OSTaskQuery                              0x08005617   Thumb Code    82  os_task.o(.text)
    OSTaskRegGet                             0x08005669   Thumb Code    60  os_task.o(.text)
    OSTaskRegSet                             0x080056a5   Thumb Code    62  os_task.o(.text)
    OS_TaskReturn                            0x080056e3   Thumb Code    18  os_task.o(.text)
    OSTimeDly                                0x0800570d   Thumb Code    92  os_time.o(.text)
    OSTimeDlyHMSM                            0x08005769   Thumb Code    76  os_time.o(.text)
    OSTimeDlyResume                          0x080057b5   Thumb Code   168  os_time.o(.text)
    OSTimeGet                                0x0800585d   Thumb Code    24  os_time.o(.text)
    OSTimeSet                                0x08005875   Thumb Code    24  os_time.o(.text)
    rand                                     0x080058a5   Thumb Code    20  rand.o(.text)
    srand                                    0x080058b9   Thumb Code     6  rand.o(.text)
    __aeabi_memset                           0x080058c9   Thumb Code    14  memseta.o(.text)
    __aeabi_memset4                          0x080058c9   Thumb Code     0  memseta.o(.text)
    __aeabi_memset8                          0x080058c9   Thumb Code     0  memseta.o(.text)
    __aeabi_memclr                           0x080058d7   Thumb Code     4  memseta.o(.text)
    __aeabi_memclr4                          0x080058d7   Thumb Code     0  memseta.o(.text)
    __aeabi_memclr8                          0x080058d7   Thumb Code     0  memseta.o(.text)
    _memset$wrapper                          0x080058db   Thumb Code    18  memseta.o(.text)
    strcat                                   0x080058ed   Thumb Code    24  strcat.o(.text)
    strlen                                   0x08005905   Thumb Code    14  strlen.o(.text)
    __aeabi_uidiv                            0x08005913   Thumb Code     0  uidiv.o(.text)
    __aeabi_uidivmod                         0x08005913   Thumb Code    44  uidiv.o(.text)
    __scatterload                            0x08005941   Thumb Code    28  init.o(.text)
    __scatterload_rt2                        0x08005941   Thumb Code     0  init.o(.text)
    __0sprintf$1                             0x08005965   Thumb Code    34  printf1.o(i.__0sprintf$1)
    __1sprintf$1                             0x08005965   Thumb Code     0  printf1.o(i.__0sprintf$1)
    __2sprintf                               0x08005965   Thumb Code     0  printf1.o(i.__0sprintf$1)
    __scatterload_copy                       0x0800598d   Thumb Code    14  handlers.o(i.__scatterload_copy)
    __scatterload_null                       0x0800599b   Thumb Code     2  handlers.o(i.__scatterload_null)
    __scatterload_zeroinit                   0x0800599d   Thumb Code    14  handlers.o(i.__scatterload_zeroinit)
    OSUnMapTbl                               0x08005b0a   Data         256  os_core.o(.constdata)
    Region$$Table$$Base                      0x08005c0c   Number         0  anon$$obj.o(Region$$Table)
    Region$$Table$$Limit                     0x08005c2c   Number         0  anon$$obj.o(Region$$Table)
    is_play_end                              0x20000000   Data           1  task_test.o(.data)
    sqSendMsg                                0x20000004   Data           4  task_test.o(.data)
    play_level_type                          0x20000008   Data           1  task_test.o(.data)
    RS232_dma_send_flag                      0x20000009   Data           1  dma.o(.data)
    RS485_dma_send_flag                      0x2000000a   Data           1  dma.o(.data)
    RS485_REC_Flag                           0x2000000c   Data           1  sci.o(.data)
    RS485_rec_counter                        0x20000010   Data           4  sci.o(.data)
    RS485_send_data_length                   0x20000014   Data           2  sci.o(.data)
    RS232_REC_Flag                           0x20000016   Data           1  sci.o(.data)
    RS232_rec_counter                        0x20000018   Data           4  sci.o(.data)
    RS232_send_data_length                   0x2000001c   Data           2  sci.o(.data)
    qj005_play_state                         0x2000001e   Data           1  sci.o(.data)
    is_data_start                            0x2000001f   Data           1  sci.o(.data)
    data_index                               0x20000020   Data           1  sci.o(.data)
    SystemCoreClock                          0x20000034   Data           4  system_stm32f4xx.o(.data)
    AHBPrescTable                            0x20000038   Data          16  system_stm32f4xx.o(.data)
    OSCtxSwCtr                               0x20000048   Data           4  os_core.o(.data)
    OSEventFreeList                          0x2000004c   Data           4  os_core.o(.data)
    OSFlagFreeList                           0x20000050   Data           4  os_core.o(.data)
    OSCPUUsage                               0x20000054   Data           1  os_core.o(.data)
    OSIdleCtrMax                             0x20000058   Data           4  os_core.o(.data)
    OSIdleCtrRun                             0x2000005c   Data           4  os_core.o(.data)
    OSStatRdy                                0x20000060   Data           1  os_core.o(.data)
    OSIntNesting                             0x20000061   Data           1  os_core.o(.data)
    OSLockNesting                            0x20000062   Data           1  os_core.o(.data)
    OSPrioCur                                0x20000063   Data           1  os_core.o(.data)
    OSPrioHighRdy                            0x20000064   Data           1  os_core.o(.data)
    OSRdyGrp                                 0x20000065   Data           1  os_core.o(.data)
    OSRdyTbl                                 0x20000066   Data           8  os_core.o(.data)
    OSRunning                                0x2000006e   Data           1  os_core.o(.data)
    OSTaskCtr                                0x2000006f   Data           1  os_core.o(.data)
    OSIdleCtr                                0x20000070   Data           4  os_core.o(.data)
    OSTCBCur                                 0x20000074   Data           4  os_core.o(.data)
    OSTCBFreeList                            0x20000078   Data           4  os_core.o(.data)
    OSTCBHighRdy                             0x2000007c   Data           4  os_core.o(.data)
    OSTCBList                                0x20000080   Data           4  os_core.o(.data)
    OSTickStepState                          0x20000084   Data           1  os_core.o(.data)
    OSMemFreeList                            0x20000088   Data           4  os_core.o(.data)
    OSQFreeList                              0x2000008c   Data           4  os_core.o(.data)
    OSTime                                   0x20000090   Data           4  os_core.o(.data)
    Stk_TaskStartUp                          0x20000098   Data         400  main.o(.bss)
    Stk_Task_LED                             0x20000228   Data        1600  task_test.o(.bss)
    Stk_Task_RS232                           0x20000868   Data        1600  task_test.o(.bss)
    Stk_sensor                               0x20000ea8   Data        1600  task_test.o(.bss)
    RS232_send_data                          0x200014e8   Data        1024  dma.o(.bss)
    RS485_send_data                          0x200018e8   Data        1024  dma.o(.bss)
    RS485_buff                               0x20001ce8   Data        1024  sci.o(.bss)
    RS232_buff                               0x200020e8   Data        1024  sci.o(.bss)
    OSEventTbl                               0x200024e8   Data         240  os_core.o(.bss)
    OSFlagTbl                                0x200025d8   Data          80  os_core.o(.bss)
    OSTaskStatStk                            0x20002628   Data         512  os_core.o(.bss)
    OSTaskIdleStk                            0x20002828   Data         512  os_core.o(.bss)
    OSTCBPrioTbl                             0x20002a28   Data         256  os_core.o(.bss)
    OSTCBTbl                                 0x20002b28   Data        1936  os_core.o(.bss)
    OSMemTbl                                 0x200032b8   Data         120  os_core.o(.bss)
    OSQTbl                                   0x20003330   Data          96  os_core.o(.bss)
    __initial_sp                             0x20003790   Data           0  startup_stm32f4xx.o(STACK)



==============================================================================

Memory Map of the image

  Image Entry point : 0x08000189

  Load Region LR_IROM1 (Base: 0x08000000, Size: 0x00005cc4, Max: 0x00080000, ABSOLUTE)

    Execution Region ER_IROM1 (Base: 0x08000000, Size: 0x00005c2c, Max: 0x00080000, ABSOLUTE)

    Base Addr    Size         Type   Attr      Idx    E Section Name        Object

    0x08000000   0x00000188   Data   RO          885    RESET               startup_stm32f4xx.o
    0x08000188   0x00000000   Code   RO         1106  * .ARM.Collect$$$$00000000  mc_w.l(entry.o)
    0x08000188   0x00000004   Code   RO         1379    .ARM.Collect$$$$00000001  mc_w.l(entry2.o)
    0x0800018c   0x00000004   Code   RO         1382    .ARM.Collect$$$$00000004  mc_w.l(entry5.o)
    0x08000190   0x00000000   Code   RO         1384    .ARM.Collect$$$$00000008  mc_w.l(entry7b.o)
    0x08000190   0x00000000   Code   RO         1386    .ARM.Collect$$$$0000000A  mc_w.l(entry8b.o)
    0x08000190   0x00000008   Code   RO         1387    .ARM.Collect$$$$0000000B  mc_w.l(entry9a.o)
    0x08000198   0x00000000   Code   RO         1389    .ARM.Collect$$$$0000000D  mc_w.l(entry10a.o)
    0x08000198   0x00000000   Code   RO         1391    .ARM.Collect$$$$0000000F  mc_w.l(entry11a.o)
    0x08000198   0x00000004   Code   RO         1380    .ARM.Collect$$$$00002712  mc_w.l(entry2.o)
    0x0800019c   0x000000d0   Code   RO            2    .text               main.o
    0x0800026c   0x00000598   Code   RO          179    .text               task_test.o
    0x08000804   0x00000130   Code   RO          231    .text               led.o
    0x08000934   0x0000001c   Code   RO          247    .text               bsp_global.o
    0x08000950   0x0000023c   Code   RO          266    .text               dma.o
    0x08000b8c   0x0000009a   Code   RO          290    .text               nvic.o
    0x08000c26   0x00000002   PAD
    0x08000c28   0x00000500   Code   RO          306    .text               sci.o
    0x08001128   0x00000380   Code   RO          333    .text               yidaosensor.o
    0x080014a8   0x000000b0   Code   RO          355    .text               adc.o
    0x08001558   0x000000e0   Code   RO          386    .text               misc.o
    0x08001638   0x00000478   Code   RO          402    .text               stm32f4xx_adc.o
    0x08001ab0   0x000003a8   Code   RO          562    .text               stm32f4xx_dma.o
    0x08001e58   0x0000025c   Code   RO          626    .text               stm32f4xx_gpio.o
    0x080020b4   0x00000588   Code   RO          738    .text               stm32f4xx_rcc.o
    0x0800263c   0x0000041a   Code   RO          852    .text               stm32f4xx_usart.o
    0x08002a56   0x00000002   PAD
    0x08002a58   0x00000024   Code   RO          886    .text               startup_stm32f4xx.o
    0x08002a7c   0x00000210   Code   RO          891    .text               system_stm32f4xx.o
    0x08002c8c   0x000000c4   Code   RO          912    .text               os_cpu_a.o
    0x08002d50   0x00000148   Code   RO          916    .text               os_cpu_c.o
    0x08002e98   0x00000cb4   Code   RO          945    .text               os_core.o
    0x08003b4c   0x000007fc   Code   RO          969    .text               os_flag.o
    0x08004348   0x000003e4   Code   RO          985    .text               os_mbox.o
    0x0800472c   0x000001d4   Code   RO         1001    .text               os_mem.o
    0x08004900   0x000005e4   Code   RO         1033    .text               os_q.o
    0x08004ee4   0x00000828   Code   RO         1065    .text               os_task.o
    0x0800570c   0x00000198   Code   RO         1081    .text               os_time.o
    0x080058a4   0x00000024   Code   RO         1109    .text               mc_w.l(rand.o)
    0x080058c8   0x00000024   Code   RO         1112    .text               mc_w.l(memseta.o)
    0x080058ec   0x00000018   Code   RO         1114    .text               mc_w.l(strcat.o)
    0x08005904   0x0000000e   Code   RO         1116    .text               mc_w.l(strlen.o)
    0x08005912   0x0000002c   Code   RO         1396    .text               mc_w.l(uidiv.o)
    0x0800593e   0x00000002   PAD
    0x08005940   0x00000024   Code   RO         1411    .text               mc_w.l(init.o)
    0x08005964   0x00000028   Code   RO         1165    i.__0sprintf$1      mc_w.l(printf1.o)
    0x0800598c   0x0000000e   Code   RO         1425    i.__scatterload_copy  mc_w.l(handlers.o)
    0x0800599a   0x00000002   Code   RO         1426    i.__scatterload_null  mc_w.l(handlers.o)
    0x0800599c   0x0000000e   Code   RO         1427    i.__scatterload_zeroinit  mc_w.l(handlers.o)
    0x080059aa   0x00000002   PAD
    0x080059ac   0x00000154   Code   RO         1170    i._printf_core      mc_w.l(printf1.o)
    0x08005b00   0x0000000a   Code   RO         1172    i._sputc            mc_w.l(printf1.o)
    0x08005b0a   0x00000100   Data   RO          947    .constdata          os_core.o
    0x08005c0a   0x00000002   PAD
    0x08005c0c   0x00000020   Data   RO         1423    Region$$Table       anon$$obj.o


    Execution Region RW_IRAM1 (Base: 0x20000000, Size: 0x00003790, Max: 0x00020000, ABSOLUTE)

    Base Addr    Size         Type   Attr      Idx    E Section Name        Object

    0x20000000   0x00000009   Data   RW          181    .data               task_test.o
    0x20000009   0x00000002   Data   RW          268    .data               dma.o
    0x2000000b   0x00000001   PAD
    0x2000000c   0x00000015   Data   RW          308    .data               sci.o
    0x20000021   0x00000010   Data   RW          739    .data               stm32f4xx_rcc.o
    0x20000031   0x00000003   PAD
    0x20000034   0x00000014   Data   RW          892    .data               system_stm32f4xx.o
    0x20000048   0x0000004c   Data   RW          948    .data               os_core.o
    0x20000094   0x00000004   Data   RW         1110    .data               mc_w.l(rand.o)
    0x20000098   0x00000190   Zero   RW            3    .bss                main.o
    0x20000228   0x000012c0   Zero   RW          180    .bss                task_test.o
    0x200014e8   0x00000800   Zero   RW          267    .bss                dma.o
    0x20001ce8   0x00000800   Zero   RW          307    .bss                sci.o
    0x200024e8   0x00000ea8   Zero   RW          946    .bss                os_core.o
    0x20003390   0x00000400   Zero   RW          883    STACK               startup_stm32f4xx.o


==============================================================================

Image component sizes


      Code (inc. data)   RO Data    RW Data    ZI Data      Debug   Object Name

       176          8          0          0          0        819   adc.o
        28          0          0          0          0        475   bsp_global.o
       572         54          0          2       2048      20237   dma.o
       304         16          0          0          0       1135   led.o
       208         40          0          0        400     294840   main.o
       224         20          0          0          0       1817   misc.o
       154          0          0          0          0        585   nvic.o
      3252        276        256         76       3752      19695   os_core.o
       196         32          0          0          0        312   os_cpu_a.o
       328         12          0          0          0       3392   os_cpu_c.o
      2044         40          0          0          0       6848   os_flag.o
       996         20          0          0          0       4118   os_mbox.o
       468         18          0          0          0       3056   os_mem.o
      1508         34          0          0          0       5481   os_q.o
      2088         68          0          0          0       7677   os_task.o
       408         24          0          0          0       1774   os_time.o
      1280         68          0         21       2048       5079   sci.o
        36          8        392          0       1024        836   startup_stm32f4xx.o
      1144         26          0          0          0      10809   stm32f4xx_adc.o
       936         32          0          0          0       6293   stm32f4xx_dma.o
       604         36          0          0          0       4057   stm32f4xx_gpio.o
      1416         48          0         16          0      10935   stm32f4xx_rcc.o
      1050         26          0          0          0       7768   stm32f4xx_usart.o
       528         46          0         20          0       1827   system_stm32f4xx.o
      1432        144          0          9       4800       5417   task_test.o
       896          8          0          0          0       1797   yidaosensor.o

    ----------------------------------------------------------------------
     22280       1104        682        148      14072     427079   Object Totals
         0          0         32          0          0          0   (incl. Generated)
         4          0          2          4          0          0   (incl. Padding)

    ----------------------------------------------------------------------

      Code (inc. data)   RO Data    RW Data    ZI Data      Debug   Library Member Name

         0          0          0          0          0          0   entry.o
         0          0          0          0          0          0   entry10a.o
         0          0          0          0          0          0   entry11a.o
         8          4          0          0          0          0   entry2.o
         4          0          0          0          0          0   entry5.o
         0          0          0          0          0          0   entry7b.o
         0          0          0          0          0          0   entry8b.o
         8          4          0          0          0          0   entry9a.o
        30          0          0          0          0          0   handlers.o
        36          8          0          0          0         68   init.o
        36          0          0          0          0        108   memseta.o
       390         10          0          0          0        252   printf1.o
        36         10          0          4          0        136   rand.o
        24          0          0          0          0         68   strcat.o
        14          0          0          0          0         68   strlen.o
        44          0          0          0          0         80   uidiv.o

    ----------------------------------------------------------------------
       634         36          0          4          0        780   Library Totals
         4          0          0          0          0          0   (incl. Padding)

    ----------------------------------------------------------------------

      Code (inc. data)   RO Data    RW Data    ZI Data      Debug   Library Name

       630         36          0          4          0        780   mc_w.l

    ----------------------------------------------------------------------
       634         36          0          4          0        780   Library Totals

    ----------------------------------------------------------------------

==============================================================================


      Code (inc. data)   RO Data    RW Data    ZI Data      Debug   

     22914       1140        682        152      14072     423103   Grand Totals
     22914       1140        682        152      14072     423103   ELF Image Totals
     22914       1140        682        152          0          0   ROM Totals

==============================================================================

    Total RO  Size (Code + RO Data)                23596 (  23.04kB)
    Total RW  Size (RW Data + ZI Data)             14224 (  13.89kB)
    Total ROM Size (Code + RO Data + RW Data)      23748 (  23.19kB)

==============================================================================

